Archive member included because of file (symbol)

c:/chibistudio/tools/gnu tools arm embedded/4.7 2013q2/bin/../lib/gcc/arm-none-eabi/4.7.4/../../../../arm-none-eabi/lib/armv7e-m\libm.a(lib_a-s_fpclassify.o)
                              build/obj/chprintf.o (__fpclassifyd)
c:/chibistudio/tools/gnu tools arm embedded/4.7 2013q2/bin/../lib/gcc/arm-none-eabi/4.7.4/../../../../arm-none-eabi/lib/armv7e-m\libm.a(lib_a-s_modf.o)
                              build/obj/nmea.o (modf)
c:/chibistudio/tools/gnu tools arm embedded/4.7 2013q2/bin/../lib/gcc/arm-none-eabi/4.7.4/../../../../arm-none-eabi/lib/armv7e-m\libm.a(lib_a-s_round.o)
                              build/obj/nmea.o (round)
c:/chibistudio/tools/gnu tools arm embedded/4.7 2013q2/bin/../lib/gcc/arm-none-eabi/4.7.4/../../../../arm-none-eabi/lib/armv7e-m\libm.a(lib_a-w_log.o)
                              build/obj/thermistors.o (log)
c:/chibistudio/tools/gnu tools arm embedded/4.7 2013q2/bin/../lib/gcc/arm-none-eabi/4.7.4/../../../../arm-none-eabi/lib/armv7e-m\libm.a(lib_a-w_pow.o)
                              build/obj/malfunction_indicator.o (pow)
c:/chibistudio/tools/gnu tools arm embedded/4.7 2013q2/bin/../lib/gcc/arm-none-eabi/4.7.4/../../../../arm-none-eabi/lib/armv7e-m\libm.a(lib_a-e_log.o)
                              c:/chibistudio/tools/gnu tools arm embedded/4.7 2013q2/bin/../lib/gcc/arm-none-eabi/4.7.4/../../../../arm-none-eabi/lib/armv7e-m\libm.a(lib_a-w_log.o) (__ieee754_log)
c:/chibistudio/tools/gnu tools arm embedded/4.7 2013q2/bin/../lib/gcc/arm-none-eabi/4.7.4/../../../../arm-none-eabi/lib/armv7e-m\libm.a(lib_a-e_pow.o)
                              c:/chibistudio/tools/gnu tools arm embedded/4.7 2013q2/bin/../lib/gcc/arm-none-eabi/4.7.4/../../../../arm-none-eabi/lib/armv7e-m\libm.a(lib_a-w_pow.o) (__ieee754_pow)
c:/chibistudio/tools/gnu tools arm embedded/4.7 2013q2/bin/../lib/gcc/arm-none-eabi/4.7.4/../../../../arm-none-eabi/lib/armv7e-m\libm.a(lib_a-e_sqrt.o)
                              c:/chibistudio/tools/gnu tools arm embedded/4.7 2013q2/bin/../lib/gcc/arm-none-eabi/4.7.4/../../../../arm-none-eabi/lib/armv7e-m\libm.a(lib_a-e_pow.o) (__ieee754_sqrt)
c:/chibistudio/tools/gnu tools arm embedded/4.7 2013q2/bin/../lib/gcc/arm-none-eabi/4.7.4/../../../../arm-none-eabi/lib/armv7e-m\libm.a(lib_a-s_fabs.o)
                              c:/chibistudio/tools/gnu tools arm embedded/4.7 2013q2/bin/../lib/gcc/arm-none-eabi/4.7.4/../../../../arm-none-eabi/lib/armv7e-m\libm.a(lib_a-e_pow.o) (fabs)
c:/chibistudio/tools/gnu tools arm embedded/4.7 2013q2/bin/../lib/gcc/arm-none-eabi/4.7.4/../../../../arm-none-eabi/lib/armv7e-m\libm.a(lib_a-s_finite.o)
                              c:/chibistudio/tools/gnu tools arm embedded/4.7 2013q2/bin/../lib/gcc/arm-none-eabi/4.7.4/../../../../arm-none-eabi/lib/armv7e-m\libm.a(lib_a-w_pow.o) (finite)
c:/chibistudio/tools/gnu tools arm embedded/4.7 2013q2/bin/../lib/gcc/arm-none-eabi/4.7.4/../../../../arm-none-eabi/lib/armv7e-m\libm.a(lib_a-s_lib_ver.o)
                              c:/chibistudio/tools/gnu tools arm embedded/4.7 2013q2/bin/../lib/gcc/arm-none-eabi/4.7.4/../../../../arm-none-eabi/lib/armv7e-m\libm.a(lib_a-w_log.o) (__fdlib_version)
c:/chibistudio/tools/gnu tools arm embedded/4.7 2013q2/bin/../lib/gcc/arm-none-eabi/4.7.4/../../../../arm-none-eabi/lib/armv7e-m\libm.a(lib_a-s_matherr.o)
                              c:/chibistudio/tools/gnu tools arm embedded/4.7 2013q2/bin/../lib/gcc/arm-none-eabi/4.7.4/../../../../arm-none-eabi/lib/armv7e-m\libm.a(lib_a-w_log.o) (matherr)
c:/chibistudio/tools/gnu tools arm embedded/4.7 2013q2/bin/../lib/gcc/arm-none-eabi/4.7.4/../../../../arm-none-eabi/lib/armv7e-m\libm.a(lib_a-s_nan.o)
                              c:/chibistudio/tools/gnu tools arm embedded/4.7 2013q2/bin/../lib/gcc/arm-none-eabi/4.7.4/../../../../arm-none-eabi/lib/armv7e-m\libm.a(lib_a-w_log.o) (nan)
c:/chibistudio/tools/gnu tools arm embedded/4.7 2013q2/bin/../lib/gcc/arm-none-eabi/4.7.4/../../../../arm-none-eabi/lib/armv7e-m\libm.a(lib_a-s_rint.o)
                              c:/chibistudio/tools/gnu tools arm embedded/4.7 2013q2/bin/../lib/gcc/arm-none-eabi/4.7.4/../../../../arm-none-eabi/lib/armv7e-m\libm.a(lib_a-w_pow.o) (rint)
c:/chibistudio/tools/gnu tools arm embedded/4.7 2013q2/bin/../lib/gcc/arm-none-eabi/4.7.4/../../../../arm-none-eabi/lib/armv7e-m\libm.a(lib_a-s_scalbn.o)
                              c:/chibistudio/tools/gnu tools arm embedded/4.7 2013q2/bin/../lib/gcc/arm-none-eabi/4.7.4/../../../../arm-none-eabi/lib/armv7e-m\libm.a(lib_a-e_pow.o) (scalbn)
c:/chibistudio/tools/gnu tools arm embedded/4.7 2013q2/bin/../lib/gcc/arm-none-eabi/4.7.4/../../../../arm-none-eabi/lib/armv7e-m\libm.a(lib_a-s_copysign.o)
                              c:/chibistudio/tools/gnu tools arm embedded/4.7 2013q2/bin/../lib/gcc/arm-none-eabi/4.7.4/../../../../arm-none-eabi/lib/armv7e-m\libm.a(lib_a-s_scalbn.o) (copysign)
[...]
Memory Configuration

Name             Origin             Length             Attributes
flash            0x08000000         0x00100000
ram              0x20000000         0x0001c000
ethram           0x2001c000         0x00004000
ccmram           0x10000000         0x00010000
*default*        0x00000000         0xffffffff

Linker script and memory map

LOAD build/obj/crt0.o
LOAD build/obj/vectors.o
LOAD build/obj/chcore.o
LOAD build/obj/chcore_v7m.o
LOAD build/obj/nvic.o
LOAD build/obj/chsys.o
LOAD build/obj/chdebug.o
LOAD build/obj/chlists.o
LOAD build/obj/chvt.o
LOAD build/obj/chschd.o
LOAD build/obj/chthreads.o
LOAD build/obj/chdynamic.o
LOAD build/obj/chregistry.o
LOAD build/obj/chsem.o
LOAD build/obj/chmtx.o
LOAD build/obj/chcond.o
LOAD build/obj/chevents.o
LOAD build/obj/chmsg.o
LOAD build/obj/chmboxes.o
LOAD build/obj/chqueues.o
LOAD build/obj/chmemcore.o
LOAD build/obj/chheap.o
LOAD build/obj/chmempools.o
LOAD build/obj/chprintf.o
LOAD build/obj/memstreams.o
LOAD build/obj/chrtclib.o
LOAD build/obj/data_buffer.o
LOAD build/obj/listener_array.o
LOAD build/obj/crc.o
LOAD build/obj/histogram.o
LOAD build/obj/eficonsole_logic.o
LOAD build/obj/wave_math.o
LOAD build/obj/audi_aan.o
LOAD build/obj/dodge_neon.o
LOAD build/obj/ford_fiesta.o
LOAD build/obj/ford_1995_inline_6.o
LOAD build/obj/nissan_primera.o
LOAD build/obj/mazda_miata_nb.o
LOAD build/obj/honda_accord.o
LOAD build/obj/snow_blower.o
LOAD build/obj/GY6_139QMB.o
LOAD build/obj/mazda_323.o
LOAD build/obj/eficonsole.o
LOAD build/obj/console_io.o
LOAD build/obj/status_loop.o
LOAD build/obj/tunerstudio_algo.o
LOAD build/obj/tunerstudio.o
LOAD build/obj/datalogging.o
LOAD build/obj/rfiutil.o
LOAD build/obj/hal.o
LOAD build/obj/adc.o
LOAD build/obj/can.o
LOAD build/obj/ext.o
LOAD build/obj/gpt.o
LOAD build/obj/i2c.o
LOAD build/obj/icu.o
LOAD build/obj/mac.o
LOAD build/obj/mmc_spi.o
LOAD build/obj/mmcsd.o
LOAD build/obj/pal.o
LOAD build/obj/pwm.o
LOAD build/obj/rtc.o
LOAD build/obj/sdc.o
LOAD build/obj/serial.o
LOAD build/obj/serial_usb.o
LOAD build/obj/spi.o
LOAD build/obj/tm.o
LOAD build/obj/uart.o
LOAD build/obj/usb.o
LOAD build/obj/poten.o
LOAD build/obj/analog_chart.o
LOAD build/obj/wave_analyzer.o
LOAD build/obj/hardware.o
LOAD build/obj/adc_inputs.o
LOAD build/obj/trigger_input.o
LOAD build/obj/pin_repository.o
LOAD build/obj/io_pins.o
LOAD build/obj/mcp3208.o
LOAD build/obj/lcd_HD44780.o
LOAD build/obj/can_hw.o
LOAD build/obj/HIP9011.o
LOAD build/obj/usbcfg.o
LOAD build/obj/usbconsole.o
LOAD build/obj/flash.o
LOAD build/obj/rtc_helper.o
LOAD build/obj/mmc_card.o
LOAD build/obj/neo6m.o
LOAD build/obj/gpio_helper.o
LOAD build/obj/board_test.o
LOAD build/obj/wave_analyzer_hw.o
LOAD build/obj/pwm_generator.o
LOAD build/obj/electronic_throttle.o
LOAD build/obj/idle_thread.o
LOAD build/obj/injector_central.o
LOAD build/obj/ignition_central.o
LOAD build/obj/flash_main.o
LOAD build/obj/malfunction_indicator.o
LOAD build/obj/error_handling.o
LOAD build/obj/map_averaging.o
LOAD build/obj/map_multiplier_thread.o
LOAD build/obj/alternatorController.o
LOAD build/obj/map_adjuster.o
LOAD build/obj/fuel_math.o
LOAD build/obj/advance_map.o
LOAD build/obj/engine_configuration.o
LOAD build/obj/signal_executor.o
LOAD build/obj/interpolation.o
LOAD build/obj/malfunction_central.o
LOAD build/obj/event_registry.o
LOAD build/obj/idle_controller.o
LOAD build/obj/wave_chart.o
LOAD build/obj/nmea.o
LOAD build/obj/algo.o
LOAD build/obj/signal_executor_single_timer_algo.o
LOAD build/obj/avg_values.o
LOAD build/obj/tps.o
LOAD build/obj/allsensors.o
LOAD build/obj/maf.o
LOAD build/obj/map.o
LOAD build/obj/ego.o
LOAD build/obj/voltage.o
LOAD build/obj/thermistors.o
LOAD build/obj/stm32_dma.o
LOAD build/obj/hal_lld.o
LOAD build/obj/adc_lld.o
LOAD build/obj/ext_lld_isr.o
LOAD build/obj/can_lld.o
LOAD build/obj/ext_lld.o
LOAD build/obj/mac_lld.o
LOAD build/obj/sdc_lld.o
LOAD build/obj/pal_lld.o
LOAD build/obj/i2c_lld.o
LOAD build/obj/usb_lld.o
LOAD build/obj/rtc_lld.o
LOAD build/obj/spi_lld.o
LOAD build/obj/gpt_lld.o
LOAD build/obj/icu_lld.o
LOAD build/obj/pwm_lld.o
LOAD build/obj/serial_lld.o
LOAD build/obj/uart_lld.o
LOAD build/obj/board.o
LOAD build/obj/fatfs_diskio.o
LOAD build/obj/fatfs_syscall.o
LOAD build/obj/ff.o
LOAD build/obj/ccsbcs.o
LOAD build/obj/trigger_central.o
LOAD build/obj/trigger_mazda.o
LOAD build/obj/trigger_structure.o
LOAD build/obj/rpm_calculator.o
LOAD build/obj/pwm_generator_logic.o
LOAD build/obj/signal_temp.o
LOAD build/obj/signal_executor_sleep.o
LOAD build/obj/signal_executor_single_timer.o
LOAD build/obj/signal_executor_hw_timer.o
LOAD build/obj/ch.o
LOAD build/obj/trigger_decoder.o
LOAD build/obj/trigger_chrysler.o
LOAD build/obj/trigger_gm.o
LOAD build/obj/main_trigger_callback.o
LOAD build/obj/trigger_emulator.o
LOAD build/obj/rfi_perftest.o
LOAD build/obj/engine_emulator.o
LOAD build/obj/OutputSignalArray.o
LOAD build/obj/trigger_emulator_algo.o
LOAD build/obj/ford_aspire.o
LOAD build/obj/MiniCooperR50.o
LOAD build/obj/ford_escort_gt.o
LOAD build/obj/citroenBerlingoTU3JP.o
LOAD build/obj/saturn_ion.o
LOAD build/obj/settings.o
LOAD build/obj/engine_controller.o
LOAD build/obj/cyclic_buffer.o
LOAD build/obj/efilib.o
LOAD build/obj/efilib2.o
LOAD build/obj/LocalVersionHolder.o
LOAD build/obj/engine_math.o
LOAD build/obj/rusefi.o
LOAD build/obj/main.o
LOAD c:/chibistudio/tools/gnu tools arm embedded/4.7 2013q2/bin/../lib/gcc/arm-none-eabi/4.7.4/../../../../arm-none-eabi/lib/armv7e-m\libstdc++.a
LOAD c:/chibistudio/tools/gnu tools arm embedded/4.7 2013q2/bin/../lib/gcc/arm-none-eabi/4.7.4/../../../../arm-none-eabi/lib/armv7e-m\libm.a
START GROUP
LOAD c:/chibistudio/tools/gnu tools arm embedded/4.7 2013q2/bin/../lib/gcc/arm-none-eabi/4.7.4/armv7e-m\libgcc.a
LOAD c:/chibistudio/tools/gnu tools arm embedded/4.7 2013q2/bin/../lib/gcc/arm-none-eabi/4.7.4/../../../../arm-none-eabi/lib/armv7e-m\libc.a
END GROUP
                0x00000400                __main_stack_size__ = 0x400
                0x00000400                __process_stack_size__ = 0x400
                0x20000000                __ram_start__ = ORIGIN (ram)
                0x0001c000                __ram_size__ = 0x1c000
                0x2001c000                __ram_end__ = (__ram_start__ + __ram_size__)
                0x00000000                . = 0x0
                0x00000000                _text = .

startup         0x08000000      0x188
 *(vectors)
 vectors        0x08000000      0x188 build/obj/vectors.o
                0x08000000                _vectors

constructors    0x08000188       0x14
                0x08000188                PROVIDE (__init_array_start, .)
 *(SORT(.init_array.*))
 *(.init_array)
 .init_array    0x08000188        0x4 build/obj/trigger_decoder.o
 .init_array    0x0800018c        0x4 build/obj/main_trigger_callback.o
 .init_array    0x08000190        0x4 build/obj/trigger_emulator_algo.o
 .init_array    0x08000194        0x4 build/obj/engine_controller.o
 .init_array    0x08000198        0x4 build/obj/engine_math.o
                0x0800019c                PROVIDE (__init_array_end, .)

destructors     0x0800019c        0x8
                0x0800019c                PROVIDE (__fini_array_start, .)
 *(.fini_array)
 .fini_array    0x0800019c        0x4 build/obj/trigger_decoder.o
 .fini_array    0x080001a0        0x4 build/obj/main_trigger_callback.o
 *(SORT(.fini_array.*))
                0x080001a4                PROVIDE (__fini_array_end, .)

.text           0x080001b0    0x25168
 *(.text.startup.*)
 *(.text)
 .text          0x080001b0      0x780 build/obj/trigger_decoder.o
                0x080001b0                isTriggerDecoderError
                0x080002b0                processTriggerEvent
                0x08000560                initializeSkippedToothTriggerShapeExt
                0x080006a8                initializeTriggerShape
                0x08000758                findTriggerZeroEventIndex
                0x080008a0                initTriggerDecoder
 .text          0x08000930      0x464 build/obj/trigger_chrysler.o
                0x08000930                configureNeonTriggerShape
 *fill*         0x08000d94        0xc 00
 .text          0x08000da0      0x1a4 build/obj/trigger_gm.o
                0x08000da0                configureGmTriggerShape
 *fill*         0x08000f44        0xc 00
 .text          0x08000f50      0x6b4 build/obj/main_trigger_callback.o
                0x080012a4                showMainHistogram
                0x080014ac                initMainEventListener
                0x08001560                isIgnitionTimingError
 *fill*         0x08001604        0xc 00
 .text          0x08001610       0xb4 build/obj/trigger_emulator.o
                0x08001610                initTriggerEmulator
 *fill*         0x080016c4        0xc 00
 .text          0x080016d0      0xc00 build/obj/rfi_perftest.o
                0x08002270                initTimePerfActions
 .text          0x080022d0      0x274 build/obj/engine_emulator.o
                0x080022d0                setDiag(int)
                0x08002314                emulate()
                0x08002428                startEmulator()
                0x08002534                initEngineEmulator
 *fill*         0x08002544        0xc 00
 .text          0x08002550       0xb4 build/obj/OutputSignalArray.o
                0x08002550                OutputSignalList::OutputSignalList()
                0x08002550                OutputSignalList::OutputSignalList()
                0x0800256c                OutputSignalList::clear()
                0x08002588                OutputSignalList::getSize()
                0x080025a0                OutputSignalList::add(io_pin_e)
 *fill*         0x08002604        0xc 00
 .text          0x08002610      0x21c build/obj/trigger_emulator_algo.o
                0x08002610                setTriggerEmulatorRPM(int)
                0x0800274c                initTriggerEmulatorLogic
 *fill*         0x0800282c        0x4 00
 .text          0x08002830      0x2d4 build/obj/ford_aspire.o
                0x08002970                setFordAspireEngineConfiguration
 *fill*         0x08002b04        0xc 00
 .text          0x08002b10       0x20 build/obj/MiniCooperR50.o
                0x08002b10                setMiniCooperR50
 .text          0x08002b30      0x164 build/obj/ford_escort_gt.o
                0x08002b30                setFordEscortGt
 *fill*         0x08002c94        0xc 00
 .text          0x08002ca0       0x64 build/obj/citroenBerlingoTU3JP.o
                0x08002ca0                setCitroenBerlingoTU3JPConfiguration
 *fill*         0x08002d04        0xc 00
 .text          0x08002d10       0x1c build/obj/saturn_ion.o
                0x08002d10                setSaturnIonEngineConfiguration
 *fill*         0x08002d2c        0x4 00
 .text          0x08002d30     0x1500 build/obj/settings.o
                0x08002db0                printFloatArray
                0x08002e44                getConfigurationName
                0x08002f2c                printConfiguration
                0x08003f5c                initSettings
 .text          0x08004230      0x630 build/obj/engine_controller.o
                0x080043c4                getTimeNowUs
                0x0800459c                getPinNameByAdcChannel
                0x08004778                initEngineContoller
 .text          0x08004860      0x1f8 build/obj/cyclic_buffer.o
                0x08004860                cyclic_buffer::cyclic_buffer()
                0x08004860                cyclic_buffer::cyclic_buffer()
                0x08004894                cyclic_buffer::cyclic_buffer(cyclic_buffer const&)
                0x08004894                cyclic_buffer::cyclic_buffer(cyclic_buffer const&)
                0x080048ec                cyclic_buffer::~cyclic_buffer()
                0x080048ec                cyclic_buffer::~cyclic_buffer()
                0x08004904                cyclic_buffer::operator=(cyclic_buffer const&)
                0x0800495c                cyclic_buffer::add(int)
                0x080049b0                cyclic_buffer::clear()
                0x080049cc                cyclic_buffer::sum(int)
 *fill*         0x08004a58        0x8 00
 .text          0x08004a60      0x204 build/obj/efilib.o
                0x08004a60                indexOf
                0x08004ab8                atoi
                0x08004b68                atoff
 *fill*         0x08004c64        0xc 00
 .text          0x08004c70       0x98 build/obj/efilib2.o
                0x08004c70                Overflow64Counter::Overflow64Counter()
                0x08004c70                Overflow64Counter::Overflow64Counter()
                0x08004c9c                Overflow64Counter::offer(unsigned long)
                0x08004cdc                Overflow64Counter::get()
 *fill*         0x08004d08        0x8 00
 .text          0x08004d10       0x6c build/obj/LocalVersionHolder.o
                0x08004d10                LocalVersionHolder::LocalVersionHolder()
                0x08004d10                LocalVersionHolder::LocalVersionHolder()
                0x08004d30                LocalVersionHolder::getVersion()
                0x08004d48                LocalVersionHolder::isOld()
 *fill*         0x08004d7c        0x4 00
 .text          0x08004d80      0xcc0 build/obj/engine_math.o
                0x08004d80                getOneDegreeTimeMs
                0x08004dc0                getOneDegreeTime
                0x08004dec                getCrankshaftRevolutionTime
                0x08004e18                fixAngle
                0x08004e9c                getEngineLoadT
                0x08004f0c                setSingleCoilDwell
                0x08004fb0                isCrankingRT
                0x08004fe4                initializeIgnitionActions
                0x080052e8                addFuelEvents
                0x080055c0                getSparkDwellMsT
                0x08005654                registerActuatorEventExt
                0x080057f0                cisnan
                0x0800581c                getCylinderId
                0x08005878                prepareOutputSignals
                0x080058e0                setTableBin
                0x0800594c                setFuelRpmBin
                0x08005974                setFuelLoadBin
                0x0800599c                setTimingRpmBin
                0x080059c4                setTimingLoadBin
 .text          0x08005a40      0x364 build/obj/rusefi.o
                0x08005a70                runRusEfi
                0x08005b00                systicks2ms
                0x08005b38                scheduleReset
                0x08005b7c                onFatalError
                0x08005bcc                DebugMonitorVector()
                0x08005bec                UsageFaultVector()
                0x08005c0c                BusFaultVector()
                0x08005c2c                HardFaultVector()
                0x08005c4c                chDbgPanic3
                0x08005cc4                chDbgStackOverflowPanic
                0x08005d1c                firmwareError
                0x08005d90                getRusEfiVersion
 *fill*         0x08005da4        0xc 00
 .text          0x08005db0       0x18 build/obj/main.o
                0x08005db0                main
 *fill*         0x08005dc8        0x8 00
 .text          0x08005dd0      0x370 c:/chibistudio/tools/gnu tools arm embedded/4.7 2013q2/bin/../lib/gcc/arm-none-eabi/4.7.4/armv7e-m\libgcc.a(_arm_addsubdf3.o)
                0x08005dd0                __aeabi_drsub
                0x08005dd8                __aeabi_dsub
                0x08005dd8                __subdf3
                0x08005ddc                __aeabi_dadd
                0x08005ddc                __adddf3
                0x08006054                __floatunsidf
                0x08006054                __aeabi_ui2d
                0x08006074                __floatsidf
                0x08006074                __aeabi_i2d
                0x08006098                __aeabi_f2d
                0x08006098                __extendsfdf2
                0x080060d4                __floatundidf
                0x080060d4                __aeabi_ul2d
                0x080060e4                __floatdidf
                0x080060e4                __aeabi_l2d
 .text          0x08006140      0x424 c:/chibistudio/tools/gnu tools arm embedded/4.7 2013q2/bin/../lib/gcc/arm-none-eabi/4.7.4/armv7e-m\libgcc.a(_arm_muldivdf3.o)
                0x08006140                __aeabi_dmul
                0x08006140                __muldf3
                0x08006394                __divdf3
                0x08006394                __aeabi_ddiv
 *fill*         0x08006564        0xc 00
 .text          0x08006570      0x110 c:/chibistudio/tools/gnu tools arm embedded/4.7 2013q2/bin/../lib/gcc/arm-none-eabi/4.7.4/armv7e-m\libgcc.a(_arm_cmpdf2.o)
                0x08006570                __gtdf2
                0x08006570                __gedf2
                0x08006578                __ltdf2
                0x08006578                __ledf2
                0x08006580                __nedf2
                0x08006580                __eqdf2
                0x08006580                __cmpdf2
                0x080065fc                __aeabi_cdrcmple
                0x0800660c                __aeabi_cdcmpeq
                0x0800660c                __aeabi_cdcmple
                0x0800661c                __aeabi_dcmpeq
                0x08006630                __aeabi_dcmplt
                0x08006644                __aeabi_dcmple
                0x08006658                __aeabi_dcmpge
                0x0800666c                __aeabi_dcmpgt
 .text          0x08006680       0x50 c:/chibistudio/tools/gnu tools arm embedded/4.7 2013q2/bin/../lib/gcc/arm-none-eabi/4.7.4/armv7e-m\libgcc.a(_arm_fixdfsi.o)
                0x08006680                __aeabi_d2iz
                0x08006680                __fixdfsi
 .text          0x080066d0       0xa0 c:/chibistudio/tools/gnu tools arm embedded/4.7 2013q2/bin/../lib/gcc/arm-none-eabi/4.7.4/armv7e-m\libgcc.a(_arm_truncdfsf2.o)
                0x080066d0                __truncdfsf2
                0x080066d0                __aeabi_d2f
 .text          0x08006770      0x21c c:/chibistudio/tools/gnu tools arm embedded/4.7 2013q2/bin/../lib/gcc/arm-none-eabi/4.7.4/armv7e-m\libgcc.a(_arm_addsubsf3.o)
                0x08006770                __aeabi_frsub
                0x08006778                __subsf3
                0x08006778                __aeabi_fsub
                0x0800677c                __aeabi_fadd
                0x0800677c                __addsf3
                0x080068dc                __aeabi_ui2f
                0x080068dc                __floatunsisf
                0x080068e4                __aeabi_i2f
                0x080068e4                __floatsisf
                0x08006900                __aeabi_ul2f
                0x08006900                __floatundisf
                0x08006910                __aeabi_l2f
                0x08006910                __floatdisf
 *fill*         0x0800698c        0x4 00
 .text          0x08006990      0x2a0 c:/chibistudio/tools/gnu tools arm embedded/4.7 2013q2/bin/../lib/gcc/arm-none-eabi/4.7.4/armv7e-m\libgcc.a(_arm_muldivsf3.o)
                0x08006990                __mulsf3
                0x08006990                __aeabi_fmul
                0x08006af8                __aeabi_fdiv
                0x08006af8                __divsf3
 .text          0x08006c30       0xec c:/chibistudio/tools/gnu tools arm embedded/4.7 2013q2/bin/../lib/gcc/arm-none-eabi/4.7.4/armv7e-m\libgcc.a(_arm_cmpsf2.o)
                0x08006c30                __gesf2
                0x08006c30                __gtsf2
                0x08006c38                __lesf2
                0x08006c38                __ltsf2
                0x08006c40                __nesf2
                0x08006c40                __eqsf2
                0x08006c40                __cmpsf2
                0x08006ca0                __aeabi_cfrcmple
                0x08006ca8                __aeabi_cfcmpeq
                0x08006ca8                __aeabi_cfcmple
                0x08006cb8                __aeabi_fcmpeq
                0x08006ccc                __aeabi_fcmplt
                0x08006ce0                __aeabi_fcmple
                0x08006cf4                __aeabi_fcmpge
                0x08006d08                __aeabi_fcmpgt
 *fill*         0x08006d1c        0x4 00
 .text          0x08006d20       0x4c c:/chibistudio/tools/gnu tools arm embedded/4.7 2013q2/bin/../lib/gcc/arm-none-eabi/4.7.4/armv7e-m\libgcc.a(_arm_fixsfsi.o)
                0x08006d20                __aeabi_f2iz
                0x08006d20                __fixsfsi
 *fill*         0x08006d6c        0x4 00
 .text          0x08006d70       0x38 c:/chibistudio/tools/gnu tools arm embedded/4.7 2013q2/bin/../lib/gcc/arm-none-eabi/4.7.4/armv7e-m\libgcc.a(_aeabi_ldivmod.o)
                0x08006d70                __aeabi_ldivmod
 *fill*         0x08006da8        0x8 00
 .text          0x08006db0       0x2c c:/chibistudio/tools/gnu tools arm embedded/4.7 2013q2/bin/../lib/gcc/arm-none-eabi/4.7.4/armv7e-m\libgcc.a(_aeabi_uldivmod.o)
                0x08006db0                __aeabi_uldivmod
 *fill*         0x08006ddc        0x4 00
 .text          0x08006de0       0x2c c:/chibistudio/tools/gnu tools arm embedded/4.7 2013q2/bin/../lib/gcc/arm-none-eabi/4.7.4/armv7e-m\libgcc.a(_fixsfdi.o)
                0x08006de0                __fixsfdi
                0x08006de0                __aeabi_f2lz
 *fill*         0x08006e0c        0x4 00
 .text          0x08006e10       0x34 c:/chibistudio/tools/gnu tools arm embedded/4.7 2013q2/bin/../lib/gcc/arm-none-eabi/4.7.4/armv7e-m\libgcc.a(_fixdfdi.o)
                0x08006e10                __fixdfdi
                0x08006e10                __aeabi_d2lz
 *fill*         0x08006e44        0xc 00
 .text          0x08006e50       0x48 c:/chibistudio/tools/gnu tools arm embedded/4.7 2013q2/bin/../lib/gcc/arm-none-eabi/4.7.4/armv7e-m\libgcc.a(_fixunssfdi.o)
                0x08006e50                __fixunssfdi
                0x08006e50                __aeabi_f2ulz
 *fill*         0x08006e98        0x8 00
 .text          0x08006ea0       0x44 c:/chibistudio/tools/gnu tools arm embedded/4.7 2013q2/bin/../lib/gcc/arm-none-eabi/4.7.4/armv7e-m\libgcc.a(_fixunsdfdi.o)
                0x08006ea0                __fixunsdfdi
                0x08006ea0                __aeabi_d2ulz
 *fill*         0x08006ee4        0xc 00
 .text          0x08006ef0       0x58 c:/chibistudio/tools/gnu tools arm embedded/4.7 2013q2/bin/../lib/gcc/arm-none-eabi/4.7.4/armv7e-m\libgcc.a(bpabi.o)
                0x08006ef0                __gnu_ldivmod_helper
                0x08006f1c                __gnu_uldivmod_helper
 *fill*         0x08006f48        0x8 00
 .text          0x08006f50        0x4 c:/chibistudio/tools/gnu tools arm embedded/4.7 2013q2/bin/../lib/gcc/arm-none-eabi/4.7.4/armv7e-m\libgcc.a(_dvmd_tls.o)
                0x08006f50                __aeabi_idiv0
                0x08006f50                __aeabi_ldiv0
 *fill*         0x08006f54        0xc 00
 .text          0x08006f60       0x40 c:/chibistudio/tools/gnu tools arm embedded/4.7 2013q2/bin/../lib/gcc/arm-none-eabi/4.7.4/armv7e-m\libgcc.a(_arm_fixunsdfsi.o)
                0x08006f60                __aeabi_d2uiz
                0x08006f60                __fixunsdfsi
 .text          0x08006fa0      0x2bc c:/chibistudio/tools/gnu tools arm embedded/4.7 2013q2/bin/../lib/gcc/arm-none-eabi/4.7.4/armv7e-m\libgcc.a(_divdi3.o)
                0x08006fa0                __divdi3
 *fill*         0x0800725c        0x4 00
 .text          0x08007260      0x288 c:/chibistudio/tools/gnu tools arm embedded/4.7 2013q2/bin/../lib/gcc/arm-none-eabi/4.7.4/armv7e-m\libgcc.a(_udivdi3.o)
                0x08007260                __udivdi3
 *(.text.*)
 *fill*         0x080074e8        0x8 00
 .text.__late_init
                0x080074f0       0x10 build/obj/crt0.o
                0x080074f0                __late_init
 .text._default_exit
                0x08007500       0x10 build/obj/crt0.o
                0x08007500                _default_exit
 .text.ResetHandler
                0x08007510      0x2c0 build/obj/crt0.o
                0x08007510                ResetHandler
 .text._unhandled_exception
                0x080077d0       0x10 build/obj/vectors.o
                0x080077d0                Vector58
                0x080077d0                VectorE8
                0x080077d0                Vector9C
                0x080077d0                Vector5C
                0x080077d0                NMIVector
                0x080077d0                Vector11C
                0x080077d0                Vector168
                0x080077d0                Vector110
                0x080077d0                VectorC8
                0x080077d0                VectorA8
                0x080077d0                Vector160
                0x080077d0                VectorEC
                0x080077d0                UsageFaultVector
                0x080077d0                DebugMonitorVector
                0x080077d0                Vector40
                0x080077d0                PendSVVector
                0x080077d0                Vector118
                0x080077d0                Vector64
                0x080077d0                VectorCC
                0x080077d0                Vector54
                0x080077d0                Vector138
                0x080077d0                Vector24
                0x080077d0                Vector178
                0x080077d0                BusFaultVector
                0x080077d0                VectorD0
                0x080077d0                VectorE4
                0x080077d0                HardFaultVector
                0x080077d0                Vector134
                0x080077d0                Vector100
                0x080077d0                VectorE0
                0x080077d0                VectorF4
                0x080077d0                MemManageVector
                0x080077d0                VectorC4
                0x080077d0                Vector180
                0x080077d0                Vector114
                0x080077d0                Vector164
                0x080077d0                Vector60
                0x080077d0                Vector1C
                0x080077d0                Vector17C
                0x080077d0                Vector48
                0x080077d0                Vector16C
                0x080077d0                Vector4C
                0x080077d0                Vector15C
                0x080077d0                Vector68
                0x080077d0                _unhandled_exception
                0x080077d0                Vector170
                0x080077d0                Vector104
                0x080077d0                Vector184
                0x080077d0                Vector10C
                0x080077d0                Vector50
                0x080077d0                Vector44
                0x080077d0                Vector28
                0x080077d0                Vector34
                0x080077d0                Vector20
                0x080077d0                Vector174
 .text.port_halt
                0x080077e0       0x10 build/obj/chcore.o
                0x080077e0                port_halt
 .text._port_switch_from_isr
                0x080077f0       0x10 build/obj/chcore_v7m.o
                0x080077f0                _port_switch_from_isr
 .text.SVCallVector
                0x08007800       0x30 build/obj/chcore_v7m.o
                0x08007800                SVCallVector
 .text._port_init
                0x08007830       0x40 build/obj/chcore_v7m.o
                0x08007830                _port_init
 .text._port_irq_epilogue
                0x08007870       0xb0 build/obj/chcore_v7m.o
                0x08007870                _port_irq_epilogue
 .text.SysTickVector
                0x08007920       0x30 build/obj/chcore_v7m.o
                0x08007920                SysTickVector
 .text._port_switch
                0x08007950       0x20 build/obj/chcore_v7m.o
                0x08007950                _port_switch
 .text._port_thread_start
                0x08007970       0x20 build/obj/chcore_v7m.o
                0x08007970                _port_thread_start
 .text.nvicEnableVector
                0x08007990       0x60 build/obj/nvic.o
                0x08007990                nvicEnableVector
 .text.nvicDisableVector
                0x080079f0       0x50 build/obj/nvic.o
                0x080079f0                nvicDisableVector
 .text.nvicSetSystemHandlerPriority
                0x08007a40       0x40 build/obj/nvic.o
                0x08007a40                nvicSetSystemHandlerPriority
 .text._idle_thread
                0x08007a80       0x20 build/obj/chsys.o
                0x08007a80                _idle_thread
 .text.chSysInit
                0x08007aa0       0x80 build/obj/chsys.o
                0x08007aa0                chSysInit
 .text.chSysTimerHandlerI
                0x08007b20       0x90 build/obj/chsys.o
                0x08007b20                chSysTimerHandlerI
 .text.chDbgPanic
                0x08007bb0       0x20 build/obj/chdebug.o
                0x08007bb0                chDbgPanic
 .text.chDbgCheckClassS
                0x08007bd0       0x30 build/obj/chdebug.o
                0x08007bd0                chDbgCheckClassS
 .text.chDbgCheckClassI
                0x08007c00       0x30 build/obj/chdebug.o
                0x08007c00                chDbgCheckClassI
 .text.dbg_check_leave_isr
                0x08007c30       0x50 build/obj/chdebug.o
                0x08007c30                dbg_check_leave_isr
 .text.dbg_check_enter_isr
                0x08007c80       0x50 build/obj/chdebug.o
                0x08007c80                dbg_check_enter_isr
 .text.dbg_check_unlock_from_isr
                0x08007cd0       0x40 build/obj/chdebug.o
                0x08007cd0                dbg_check_unlock_from_isr
 .text.dbg_check_lock_from_isr
                0x08007d10       0x40 build/obj/chdebug.o
                0x08007d10                dbg_check_lock_from_isr
 .text.dbg_check_unlock
                0x08007d50       0x40 build/obj/chdebug.o
                0x08007d50                dbg_check_unlock
 .text.dbg_check_lock
                0x08007d90       0x40 build/obj/chdebug.o
                0x08007d90                dbg_check_lock
 .text.dbg_check_enable
                0x08007dd0       0x30 build/obj/chdebug.o
                0x08007dd0                dbg_check_enable
 .text._vt_init
                0x08007e00       0x20 build/obj/chvt.o
                0x08007e00                _vt_init
 .text.chVTSetI
                0x08007e20       0x70 build/obj/chvt.o
                0x08007e20                chVTSetI
 .text.chVTResetI
                0x08007e90       0x60 build/obj/chvt.o
                0x08007e90                chVTResetI
 .text._scheduler_init
                0x08007ef0       0x20 build/obj/chschd.o
                0x08007ef0                _scheduler_init
 .text.chSchReadyI
                0x08007f10       0x50 build/obj/chschd.o
                0x08007f10                chSchReadyI
 .text.wakeup   0x08007f60       0x70 build/obj/chschd.o
 .text.chSchGoSleepS
                0x08007fd0       0x60 build/obj/chschd.o
                0x08007fd0                chSchGoSleepS
 .text.chSchGoSleepTimeoutS
                0x08008030       0x60 build/obj/chschd.o
                0x08008030                chSchGoSleepTimeoutS
 .text.chSchWakeupS
                0x08008090       0x60 build/obj/chschd.o
                0x08008090                chSchWakeupS
 .text.chSchDoRescheduleBehind
                0x080080f0       0x50 build/obj/chschd.o
                0x080080f0                chSchDoRescheduleBehind
 .text.chSchDoRescheduleAhead
                0x08008140       0x60 build/obj/chschd.o
                0x08008140                chSchDoRescheduleAhead
 .text.chSchRescheduleS
                0x080081a0       0x20 build/obj/chschd.o
                0x080081a0                chSchRescheduleS
 .text.chSchDoReschedule
                0x080081c0       0x20 build/obj/chschd.o
                0x080081c0                chSchDoReschedule
 .text._thread_init
                0x080081e0       0x60 build/obj/chthreads.o
                0x080081e0                _thread_init
 .text.chThdCreateI
                0x08008240       0x60 build/obj/chthreads.o
                0x08008240                chThdCreateI
 .text.chThdCreateStatic
                0x080082a0       0x50 build/obj/chthreads.o
                0x080082a0                chThdCreateStatic
 .text.chThdSleep
                0x080082f0       0x50 build/obj/chthreads.o
                0x080082f0                chThdSleep
 .text.chThdExitS
                0x08008340       0x60 build/obj/chthreads.o
                0x08008340                chThdExitS
 .text.chThdExit
                0x080083a0       0x20 build/obj/chthreads.o
                0x080083a0                chThdExit
 .text.chThdRelease
                0x080083c0       0x90 build/obj/chdynamic.o
                0x080083c0                chThdRelease
 .text.chRegFirstThread
                0x08008450       0x40 build/obj/chregistry.o
                0x08008450                chRegFirstThread
 .text.chRegNextThread
                0x08008490       0x60 build/obj/chregistry.o
                0x08008490                chRegNextThread
 .text.chSemInit
                0x080084f0       0x30 build/obj/chsem.o
                0x080084f0                chSemInit
 .text.chSemSignalI
                0x08008520       0x70 build/obj/chsem.o
                0x08008520                chSemSignalI
 .text.chMtxInit
                0x08008590       0x30 build/obj/chmtx.o
                0x08008590                chMtxInit
 .text.chMtxLockS
                0x080085c0      0x130 build/obj/chmtx.o
                0x080085c0                chMtxLockS
 .text.chMtxLock
                0x080086f0       0x30 build/obj/chmtx.o
                0x080086f0                chMtxLock
 .text.chMtxUnlock
                0x08008720       0xa0 build/obj/chmtx.o
                0x08008720                chMtxUnlock
 .text.chEvtSignalI
                0x080087c0       0x60 build/obj/chevents.o
                0x080087c0                chEvtSignalI
 .text.chEvtBroadcastFlagsI
                0x08008820       0x40 build/obj/chevents.o
                0x08008820                chEvtBroadcastFlagsI
 .text.qwait    0x08008860       0x30 build/obj/chqueues.o
 .text.chIQInit
                0x08008890       0x20 build/obj/chqueues.o
                0x08008890                chIQInit
 .text.chIQResetI
                0x080088b0       0x40 build/obj/chqueues.o
                0x080088b0                chIQResetI
 .text.chIQPutI
                0x080088f0       0x60 build/obj/chqueues.o
                0x080088f0                chIQPutI
 .text.chIQGetTimeout
                0x08008950       0x70 build/obj/chqueues.o
                0x08008950                chIQGetTimeout
 .text.chIQReadTimeout
                0x080089c0       0xb0 build/obj/chqueues.o
                0x080089c0                chIQReadTimeout
 .text.chOQInit
                0x08008a70       0x20 build/obj/chqueues.o
                0x08008a70                chOQInit
 .text.chOQResetI
                0x08008a90       0x40 build/obj/chqueues.o
                0x08008a90                chOQResetI
 .text.chOQPutTimeout
                0x08008ad0       0x70 build/obj/chqueues.o
                0x08008ad0                chOQPutTimeout
 .text.chOQGetI
                0x08008b40       0x50 build/obj/chqueues.o
                0x08008b40                chOQGetI
 .text.chOQWriteTimeout
                0x08008b90       0xb0 build/obj/chqueues.o
                0x08008b90                chOQWriteTimeout
 .text._core_init
                0x08008c40       0x30 build/obj/chmemcore.o
                0x08008c40                _core_init
 .text.chCoreAllocI
                0x08008c70       0x40 build/obj/chmemcore.o
                0x08008c70                chCoreAllocI
 .text.chCoreAlloc
                0x08008cb0       0x30 build/obj/chmemcore.o
                0x08008cb0                chCoreAlloc
 .text._heap_init
                0x08008ce0       0x30 build/obj/chheap.o
                0x08008ce0                _heap_init
 .text.chHeapAlloc
                0x08008d10       0x90 build/obj/chheap.o
                0x08008d10                chHeapAlloc
 .text.chHeapFree
                0x08008da0       0xc0 build/obj/chheap.o
                0x08008da0                chHeapFree
 .text.chPoolFreeI
                0x08008e60       0x30 build/obj/chmempools.o
                0x08008e60                chPoolFreeI
 .text.chPoolFree
                0x08008e90       0x30 build/obj/chmempools.o
                0x08008e90                chPoolFree
 .text.long_to_string_with_divisor
                0x08008ec0       0x90 build/obj/chprintf.o
 .text.ltoa     0x08008f50       0x10 build/obj/chprintf.o
 .text.ftoa     0x08008f60       0xe0 build/obj/chprintf.o
                0x08008f60                ftoa
 .text.chvprintf
                0x08009040      0x380 build/obj/chprintf.o
                0x08009040                chvprintf
 .text.put      0x080093c0       0x20 build/obj/memstreams.o
 .text.get      0x080093e0       0x20 build/obj/memstreams.o
 .text.reads    0x08009400       0x30 build/obj/memstreams.o
 .text.writes   0x08009430       0x30 build/obj/memstreams.o
 .text.msObjectInit
                0x08009460       0x20 build/obj/memstreams.o
                0x08009460                msObjectInit
 .text.stm32_rtc_bcd2tm
                0x08009480       0xc0 build/obj/chrtclib.o
 .text.stm32_rtc_tm2bcd
                0x08009540      0x100 build/obj/chrtclib.o
 .text.rtcGetTimeTm
                0x08009640       0x30 build/obj/chrtclib.o
                0x08009640                rtcGetTimeTm
 .text.rtcSetTimeTm
                0x08009670       0x30 build/obj/chrtclib.o
                0x08009670                rtcSetTimeTm
 .text.rtcGetTimeUnixSec
                0x080096a0       0x30 build/obj/chrtclib.o
                0x080096a0                rtcGetTimeUnixSec
 .text.rtcSetTimeUnixSec
                0x080096d0       0x40 build/obj/chrtclib.o
                0x080096d0                rtcSetTimeUnixSec
 .text.registerCallback
                0x08009710       0x40 build/obj/listener_array.o
                0x08009710                registerCallback
 .text.invokeJustArgCallbacks
                0x08009750       0x30 build/obj/listener_array.o
                0x08009750                invokeJustArgCallbacks
 .text.invokeIntIntCallbacks
                0x08009780       0x40 build/obj/listener_array.o
                0x08009780                invokeIntIntCallbacks
 .text.calc_crc
                0x080097c0       0xa0 build/obj/crc.o
                0x080097c0                calc_crc
 .text.initHistogramsModule
                0x08009860      0x1d0 build/obj/histogram.o
                0x08009860                initHistogramsModule
 .text.histogramGetIndex
                0x08009a30       0xb0 build/obj/histogram.o
                0x08009a30                histogramGetIndex
 .text.initHistogram
                0x08009ae0       0x50 build/obj/histogram.o
                0x08009ae0                initHistogram
 .text.hsAdd    0x08009b30       0x70 build/obj/histogram.o
                0x08009b30                hsAdd
 .text.hsReport
                0x08009ba0      0x290 build/obj/histogram.o
                0x08009ba0                hsReport
 .text.echo     0x08009e30       0x20 build/obj/eficonsole_logic.o
 .text.helpCommand
                0x08009e50       0x70 build/obj/eficonsole_logic.o
                0x08009e50                helpCommand
 .text.doAddAction
                0x08009ec0       0x60 build/obj/eficonsole_logic.o
 .text.resetConsoleActions
                0x08009f20       0x10 build/obj/eficonsole_logic.o
                0x08009f20                resetConsoleActions
 .text.addConsoleAction
                0x08009f30       0x10 build/obj/eficonsole_logic.o
                0x08009f30                addConsoleAction
 .text.addConsoleActionI
                0x08009f40       0x10 build/obj/eficonsole_logic.o
                0x08009f40                addConsoleActionI
 .text.addConsoleActionII
                0x08009f50       0x10 build/obj/eficonsole_logic.o
                0x08009f50                addConsoleActionII
 .text.addConsoleActionS
                0x08009f60       0x10 build/obj/eficonsole_logic.o
                0x08009f60                addConsoleActionS
 .text.addConsoleActionSSS
                0x08009f70       0x10 build/obj/eficonsole_logic.o
                0x08009f70                addConsoleActionSSS
 .text.addConsoleActionF
                0x08009f80       0x10 build/obj/eficonsole_logic.o
                0x08009f80                addConsoleActionF
 .text.handleActionWithParameter
                0x08009f90       0xd0 build/obj/eficonsole_logic.o
                0x08009f90                handleActionWithParameter
 .text.tokenLength
                0x0800a060       0x30 build/obj/eficonsole_logic.o
                0x0800a060                tokenLength
 .text.strEqual
                0x0800a090       0x90 build/obj/eficonsole_logic.o
                0x0800a090                strEqual
 .text.initConsoleLogic
                0x0800a120       0x50 build/obj/eficonsole_logic.o
                0x0800a120                initConsoleLogic
 .text.validateSecureLine
                0x0800a170       0x90 build/obj/eficonsole_logic.o
                0x0800a170                validateSecureLine
 .text.handleConsoleLine
                0x0800a200      0x1f0 build/obj/eficonsole_logic.o
                0x0800a200                handleConsoleLine
 .text.setDodgeNeonEngineConfiguration
                0x0800a3f0      0x160 build/obj/dodge_neon.o
                0x0800a3f0                setDodgeNeonEngineConfiguration
 .text.setFordFiestaDefaultEngineConfiguration
                0x0800a550       0x30 build/obj/ford_fiesta.o
                0x0800a550                setFordFiestaDefaultEngineConfiguration
 .text.setFordInline6
                0x0800a580      0x160 build/obj/ford_1995_inline_6.o
                0x0800a580                setFordInline6
 .text.setNissanPrimeraEngineConfiguration
                0x0800a6e0       0x20 build/obj/nissan_primera.o
                0x0800a6e0                setNissanPrimeraEngineConfiguration
 .text.setMazdaMiataNbEngineConfiguration
                0x0800a700      0x190 build/obj/mazda_miata_nb.o
                0x0800a700                setMazdaMiataNbEngineConfiguration
 .text.setHondaAccordConfiguration
                0x0800a890       0x20 build/obj/honda_accord.o
                0x0800a890                setHondaAccordConfiguration
 .text.setGy6139qmbDefaultEngineConfiguration
                0x0800a8b0       0x70 build/obj/GY6_139QMB.o
                0x0800a8b0                setGy6139qmbDefaultEngineConfiguration
 .text.setMazda323EngineConfiguration
                0x0800a920       0x30 build/obj/mazda_323.o
                0x0800a920                setMazda323EngineConfiguration
 .text.myfatal  0x0800a950       0x20 build/obj/eficonsole.o
 .text.sayHello
                0x0800a970      0x1d0 build/obj/eficonsole.o
 .text.fatal3   0x0800ab40       0x30 build/obj/eficonsole.o
                0x0800ab40                fatal3
 .text.sendOutConfirmation
                0x0800ab70       0x20 build/obj/eficonsole.o
                0x0800ab70                sendOutConfirmation
 .text.print    0x0800ab90       0x30 build/obj/eficonsole.o
                0x0800ab90                print
 .text.cmd_threads
                0x0800abc0       0x70 build/obj/eficonsole.o
 .text.initializeConsole
                0x0800ac30       0x70 build/obj/eficonsole.o
                0x0800ac30                initializeConsole
 .text.consolePutChar
                0x0800aca0       0x20 build/obj/console_io.o
                0x0800aca0                consolePutChar
 .text.consoleThreadThreadEntryPoint
                0x0800acc0       0xd0 build/obj/console_io.o
 .text.consoleOutputBuffer
                0x0800ad90       0x20 build/obj/console_io.o
                0x0800ad90                consoleOutputBuffer
 .text.startChibiosConsole
                0x0800adb0       0x40 build/obj/console_io.o
                0x0800adb0                startChibiosConsole
 .text.lockAnyContext
                0x0800adf0       0x30 build/obj/console_io.o
                0x0800adf0                lockAnyContext
 .text.lockOutputBuffer
                0x0800ae20       0x10 build/obj/console_io.o
                0x0800ae20                lockOutputBuffer
 .text.unlockAnyContext
                0x0800ae30       0x30 build/obj/console_io.o
                0x0800ae30                unlockAnyContext
 .text.unlockOutputBuffer
                0x0800ae60       0x10 build/obj/console_io.o
                0x0800ae60                unlockOutputBuffer
 .text.setWarningEnabled
                0x0800ae70       0x10 build/obj/status_loop.o
 .text.printStatus
                0x0800ae80       0x10 build/obj/status_loop.o
 .text.setFullLog
                0x0800ae90       0x50 build/obj/status_loop.o
                0x0800ae90                setFullLog
 .text.tsStatusThread
                0x0800aee0       0x30 build/obj/status_loop.o
 .text.showFuelMap
                0x0800af10       0xf0 build/obj/status_loop.o
 .text.reportSensorF
                0x0800b000       0x40 build/obj/status_loop.o
 .text.finishStatusLine
                0x0800b040       0x10 build/obj/status_loop.o
                0x0800b040                finishStatusLine
 .text.printSensors
                0x0800b050      0x190 build/obj/status_loop.o
                0x0800b050                printSensors
 .text.printState
                0x0800b1e0       0xa0 build/obj/status_loop.o
                0x0800b1e0                printState
 .text.onDbgPanic
                0x0800b280       0x10 build/obj/status_loop.o
                0x0800b280                onDbgPanic
 .text.hasFatalError
                0x0800b290       0x20 build/obj/status_loop.o
                0x0800b290                hasFatalError
 .text.updateDevConsoleState
                0x0800b2b0      0x150 build/obj/status_loop.o
                0x0800b2b0                updateDevConsoleState
 .text.updateHD44780lcd
                0x0800b400       0xf0 build/obj/status_loop.o
                0x0800b400                updateHD44780lcd
 .text.lcdThread
                0x0800b4f0       0x30 build/obj/status_loop.o
 .text.initStatusLoop
                0x0800b520       0xb0 build/obj/status_loop.o
                0x0800b520                initStatusLoop
 .text.startStatusThreads
                0x0800b5d0       0x50 build/obj/status_loop.o
                0x0800b5d0                startStatusThreads
 .text.getFullLog
                0x0800b620       0x10 build/obj/status_loop.o
                0x0800b620                getFullLog
 .text.handleQueryCommand
                0x0800b630       0x30 build/obj/tunerstudio_algo.o
                0x0800b630                handleQueryCommand
 .text.handleOutputChannelsCommand
                0x0800b660       0x30 build/obj/tunerstudio_algo.o
                0x0800b660                handleOutputChannelsCommand
 .text.handleTestCommand
                0x0800b690       0x20 build/obj/tunerstudio_algo.o
                0x0800b690                handleTestCommand
 .text.tunerStudioHandleCommand
                0x0800b6b0       0x90 build/obj/tunerstudio_algo.o
                0x0800b6b0                tunerStudioHandleCommand
 .text.tsThreadEntryPoint
                0x0800b740       0x60 build/obj/tunerstudio.o
 .text.tunerStudioWriteData
                0x0800b7a0       0x20 build/obj/tunerstudio.o
                0x0800b7a0                tunerStudioWriteData
 .text.getWorkingPageAddr
                0x0800b7c0       0x20 build/obj/tunerstudio.o
                0x0800b7c0                getWorkingPageAddr
 .text.getTunerStudioPageSize
                0x0800b7e0       0x20 build/obj/tunerstudio.o
                0x0800b7e0                getTunerStudioPageSize
 .text.printStats
                0x0800b800      0x100 build/obj/tunerstudio.o
 .text.tunerStudioDebug
                0x0800b900       0x20 build/obj/tunerstudio.o
                0x0800b900                tunerStudioDebug
 .text.handleValueWriteCommand
                0x0800b920       0xb0 build/obj/tunerstudio.o
                0x0800b920                handleValueWriteCommand
 .text.handlePageReadCommand
                0x0800b9d0       0x90 build/obj/tunerstudio.o
                0x0800b9d0                handlePageReadCommand
 .text.handleBurnCommand
                0x0800ba60       0xc0 build/obj/tunerstudio.o
                0x0800ba60                handleBurnCommand
 .text.syncTunerStudioCopy
                0x0800bb20       0x20 build/obj/tunerstudio.o
                0x0800bb20                syncTunerStudioCopy
 .text.startTunerStudioConnectivity
                0x0800bb40       0xb0 build/obj/tunerstudio.o
                0x0800bb40                startTunerStudioConnectivity
 .text.updateTunerStudioState
                0x0800bbf0       0x50 build/obj/tunerstudio.o
                0x0800bbf0                updateTunerStudioState
 .text.printWithLength
                0x0800bc40       0x80 build/obj/datalogging.o
 .text.getCaption
                0x0800bcc0       0x80 build/obj/datalogging.o
                0x0800bcc0                getCaption
 .text.resetLogging
                0x0800bd40       0x30 build/obj/datalogging.o
                0x0800bd40                resetLogging
 .text.printLine
                0x0800bd70       0x20 build/obj/datalogging.o
                0x0800bd70                printLine
 .text.initLoggingExt
                0x0800bd90       0x40 build/obj/datalogging.o
                0x0800bd90                initLoggingExt
 .text.initLogging
                0x0800bdd0       0x10 build/obj/datalogging.o
                0x0800bdd0                initLogging
 .text.scheduleLogging
                0x0800bde0       0x50 build/obj/datalogging.o
                0x0800bde0                scheduleLogging
 .text.loggingSize
                0x0800be30       0x10 build/obj/datalogging.o
                0x0800be30                loggingSize
 .text.append   0x0800be40      0x110 build/obj/datalogging.o
                0x0800be40                append
 .text.appendMsgPostfix
                0x0800bf50       0x10 build/obj/datalogging.o
                0x0800bf50                appendMsgPostfix
 .text.vappendPrintfI
                0x0800bf60       0x30 build/obj/datalogging.o
 .text.vappendPrintf
                0x0800bf90       0xa0 build/obj/datalogging.o
                0x0800bf90                vappendPrintf
 .text.appendPrintf
                0x0800c030       0x20 build/obj/datalogging.o
                0x0800c030                appendPrintf
 .text.appendMsgPrefix
                0x0800c050       0x20 build/obj/datalogging.o
                0x0800c050                appendMsgPrefix
 .text.appendFloat
                0x0800c070       0xd0 build/obj/datalogging.o
                0x0800c070                appendFloat
 .text.scheduleMsg
                0x0800c140       0x40 build/obj/datalogging.o
                0x0800c140                scheduleMsg
 .text.scheduleIntValue
                0x0800c180       0x50 build/obj/datalogging.o
                0x0800c180                scheduleIntValue
 .text.printMsg
                0x0800c1d0       0x40 build/obj/datalogging.o
                0x0800c1d0                printMsg
 .text.debugFloat
                0x0800c210       0x30 build/obj/datalogging.o
                0x0800c210                debugFloat
 .text.debugInt
                0x0800c240       0x30 build/obj/datalogging.o
                0x0800c240                debugInt
 .text.printPending
                0x0800c270       0x40 build/obj/datalogging.o
                0x0800c270                printPending
 .text.initIntermediateLoggingBuffer
                0x0800c2b0       0x30 build/obj/datalogging.o
                0x0800c2b0                initIntermediateLoggingBuffer
 .text.ltoa_internal
                0x0800c2e0       0x90 build/obj/rfiutil.o
 .text.itoa10   0x0800c370       0x40 build/obj/rfiutil.o
                0x0800c370                itoa10
 .text.isIsrContext
                0x0800c3b0       0x20 build/obj/rfiutil.o
                0x0800c3b0                isIsrContext
 .text.chVTSetAny
                0x0800c3d0       0x70 build/obj/rfiutil.o
                0x0800c3d0                chVTSetAny
 .text.printHistogram
                0x0800c440       0xc0 build/obj/rfiutil.o
                0x0800c440                printHistogram
 .text.halInit  0x0800c500       0x50 build/obj/hal.o
                0x0800c500                halInit
 .text.halIsCounterWithin
                0x0800c550       0x40 build/obj/hal.o
                0x0800c550                halIsCounterWithin
 .text.halPolledDelay
                0x0800c590       0x20 build/obj/hal.o
                0x0800c590                halPolledDelay
 .text.adcInit  0x0800c5b0       0x10 build/obj/adc.o
                0x0800c5b0                adcInit
 .text.adcObjectInit
                0x0800c5c0       0x20 build/obj/adc.o
                0x0800c5c0                adcObjectInit
 .text.adcStart
                0x0800c5e0       0x60 build/obj/adc.o
                0x0800c5e0                adcStart
 .text.adcStartConversionI
                0x0800c640       0x70 build/obj/adc.o
                0x0800c640                adcStartConversionI
 .text.canInit  0x0800c6b0       0x10 build/obj/can.o
                0x0800c6b0                canInit
 .text.canObjectInit
                0x0800c6c0       0x50 build/obj/can.o
                0x0800c6c0                canObjectInit
 .text.i2cInit  0x0800c710       0x10 build/obj/i2c.o
                0x0800c710                i2cInit
 .text.i2cObjectInit
                0x0800c720       0x20 build/obj/i2c.o
                0x0800c720                i2cObjectInit
 .text.i2cMasterTransmitTimeout
                0x0800c740       0xa0 build/obj/i2c.o
                0x0800c740                i2cMasterTransmitTimeout
 .text.i2cAcquireBus
                0x0800c7e0       0x30 build/obj/i2c.o
                0x0800c7e0                i2cAcquireBus
 .text.i2cReleaseBus
                0x0800c810       0x30 build/obj/i2c.o
                0x0800c810                i2cReleaseBus
 .text.icuInit  0x0800c840       0x10 build/obj/icu.o
                0x0800c840                icuInit
 .text.icuObjectInit
                0x0800c850       0x10 build/obj/icu.o
                0x0800c850                icuObjectInit
 .text.icuStart
                0x0800c860       0x70 build/obj/icu.o
                0x0800c860                icuStart
 .text.icuStop  0x0800c8d0       0x60 build/obj/icu.o
                0x0800c8d0                icuStop
 .text.icuEnable
                0x0800c930       0x60 build/obj/icu.o
                0x0800c930                icuEnable
 .text.icuDisable
                0x0800c990       0x60 build/obj/icu.o
                0x0800c990                icuDisable
 .text.mmcGetInfo
                0x0800c9f0       0x40 build/obj/mmc_spi.o
                0x0800c9f0                mmcGetInfo
 .text.recvr1   0x0800ca30       0xd0 build/obj/mmc_spi.o
 .text.wait     0x0800cb00      0x1a0 build/obj/mmc_spi.o
 .text.send_hdr
                0x0800cca0       0x80 build/obj/mmc_spi.o
 .text.send_command_R1
                0x0800cd20       0x30 build/obj/mmc_spi.o
 .text.send_command_R3
                0x0800cd50       0x40 build/obj/mmc_spi.o
 .text.sync     0x0800cd90       0x40 build/obj/mmc_spi.o
 .text.mmcSync  0x0800cdd0       0x50 build/obj/mmc_spi.o
                0x0800cdd0                mmcSync
 .text.read_CxD
                0x0800ce20      0x130 build/obj/mmc_spi.o
 .text.mmcDisconnect
                0x0800cf50       0x90 build/obj/mmc_spi.o
                0x0800cf50                mmcDisconnect
 .text.mmcConnect
                0x0800cfe0      0x2d0 build/obj/mmc_spi.o
                0x0800cfe0                mmcConnect
 .text.mmcInit  0x0800d2b0       0x10 build/obj/mmc_spi.o
                0x0800d2b0                mmcInit
 .text.mmcObjectInit
                0x0800d2c0       0x20 build/obj/mmc_spi.o
                0x0800d2c0                mmcObjectInit
 .text.mmcStart
                0x0800d2e0       0x50 build/obj/mmc_spi.o
                0x0800d2e0                mmcStart
 .text.mmcStop  0x0800d330       0x50 build/obj/mmc_spi.o
                0x0800d330                mmcStop
 .text.mmcStartSequentialRead
                0x0800d380       0x90 build/obj/mmc_spi.o
                0x0800d380                mmcStartSequentialRead
 .text.mmcSequentialRead
                0x0800d410       0xb0 build/obj/mmc_spi.o
                0x0800d410                mmcSequentialRead
 .text.mmcStopSequentialRead
                0x0800d4c0       0x60 build/obj/mmc_spi.o
                0x0800d4c0                mmcStopSequentialRead
 .text.mmc_read
                0x0800d520       0x90 build/obj/mmc_spi.o
 .text.mmcStartSequentialWrite
                0x0800d5b0       0x90 build/obj/mmc_spi.o
                0x0800d5b0                mmcStartSequentialWrite
 .text.mmcSequentialWrite
                0x0800d640       0xb0 build/obj/mmc_spi.o
                0x0800d640                mmcSequentialWrite
 .text.mmcStopSequentialWrite
                0x0800d6f0       0x60 build/obj/mmc_spi.o
                0x0800d6f0                mmcStopSequentialWrite
 .text.mmc_write
                0x0800d750       0x90 build/obj/mmc_spi.o
 .text.mmcsd_get_slice
                0x0800d7e0       0x80 build/obj/mmcsd.o
 .text.mmcsdGetCapacity
                0x0800d860       0x80 build/obj/mmcsd.o
                0x0800d860                mmcsdGetCapacity
 .text.pwmInit  0x0800d8e0       0x10 build/obj/pwm.o
                0x0800d8e0                pwmInit
 .text.pwmObjectInit
                0x0800d8f0       0x10 build/obj/pwm.o
                0x0800d8f0                pwmObjectInit
 .text.pwmStart
                0x0800d900       0x70 build/obj/pwm.o
                0x0800d900                pwmStart
 .text.rtcInit  0x0800d970       0x10 build/obj/rtc.o
                0x0800d970                rtcInit
 .text.rtcSetTime
                0x0800d980       0x50 build/obj/rtc.o
                0x0800d980                rtcSetTime
 .text.rtcGetTime
                0x0800d9d0       0x50 build/obj/rtc.o
                0x0800d9d0                rtcGetTime
 .text.rtcGetTimeFat
                0x0800da20       0x30 build/obj/rtc.o
                0x0800da20                rtcGetTimeFat
 .text.readt    0x0800da50       0x10 build/obj/serial.o
 .text.read     0x0800da60       0x10 build/obj/serial.o
 .text.writet   0x0800da70       0x10 build/obj/serial.o
 .text.write    0x0800da80       0x10 build/obj/serial.o
 .text.gett     0x0800da90       0x10 build/obj/serial.o
 .text.get      0x0800daa0       0x10 build/obj/serial.o
 .text.putt     0x0800dab0       0x10 build/obj/serial.o
 .text.put      0x0800dac0       0x10 build/obj/serial.o
 .text.sdInit   0x0800dad0       0x10 build/obj/serial.o
                0x0800dad0                sdInit
 .text.sdObjectInit
                0x0800dae0       0x50 build/obj/serial.o
                0x0800dae0                sdObjectInit
 .text.sdStart  0x0800db30       0x60 build/obj/serial.o
                0x0800db30                sdStart
 .text.sdIncomingDataI
                0x0800db90       0x50 build/obj/serial.o
                0x0800db90                sdIncomingDataI
 .text.onotify  0x0800dbe0       0x70 build/obj/serial_usb.o
 .text.inotify  0x0800dc50       0x80 build/obj/serial_usb.o
 .text.readt    0x0800dcd0       0x10 build/obj/serial_usb.o
 .text.read     0x0800dce0       0x10 build/obj/serial_usb.o
 .text.writet   0x0800dcf0       0x10 build/obj/serial_usb.o
 .text.write    0x0800dd00       0x10 build/obj/serial_usb.o
 .text.gett     0x0800dd10       0x10 build/obj/serial_usb.o
 .text.get      0x0800dd20       0x10 build/obj/serial_usb.o
 .text.putt     0x0800dd30       0x10 build/obj/serial_usb.o
 .text.put      0x0800dd40       0x10 build/obj/serial_usb.o
 .text.sduInit  0x0800dd50       0x10 build/obj/serial_usb.o
                0x0800dd50                sduInit
 .text.sduObjectInit
                0x0800dd60       0x60 build/obj/serial_usb.o
                0x0800dd60                sduObjectInit
 .text.sduStart
                0x0800ddc0       0x80 build/obj/serial_usb.o
                0x0800ddc0                sduStart
 .text.sduConfigureHookI
                0x0800de40       0x50 build/obj/serial_usb.o
                0x0800de40                sduConfigureHookI
 .text.sduRequestsHook
                0x0800de90       0x80 build/obj/serial_usb.o
                0x0800de90                sduRequestsHook
 .text.sduDataTransmitted
                0x0800df10       0xc0 build/obj/serial_usb.o
                0x0800df10                sduDataTransmitted
 .text.sduDataReceived
                0x0800dfd0       0x90 build/obj/serial_usb.o
                0x0800dfd0                sduDataReceived
 .text.sduInterruptTransmitted
                0x0800e060       0x10 build/obj/serial_usb.o
                0x0800e060                sduInterruptTransmitted
 .text.spiInit  0x0800e070       0x10 build/obj/spi.o
                0x0800e070                spiInit
 .text.spiObjectInit
                0x0800e080       0x20 build/obj/spi.o
                0x0800e080                spiObjectInit
 .text.spiStart
                0x0800e0a0       0x70 build/obj/spi.o
                0x0800e0a0                spiStart
 .text.spiStop  0x0800e110       0x70 build/obj/spi.o
                0x0800e110                spiStop
 .text.spiSelect
                0x0800e180       0x50 build/obj/spi.o
                0x0800e180                spiSelect
 .text.spiUnselect
                0x0800e1d0       0x50 build/obj/spi.o
                0x0800e1d0                spiUnselect
 .text.spiIgnore
                0x0800e220       0xa0 build/obj/spi.o
                0x0800e220                spiIgnore
 .text.spiSend  0x0800e2c0       0xa0 build/obj/spi.o
                0x0800e2c0                spiSend
 .text.spiReceive
                0x0800e360       0xa0 build/obj/spi.o
                0x0800e360                spiReceive
 .text.usbInit  0x0800e400       0x10 build/obj/usb.o
                0x0800e400                usbInit
 .text.usbObjectInit
                0x0800e410       0x20 build/obj/usb.o
                0x0800e410                usbObjectInit
 .text.usbStart
                0x0800e430       0x70 build/obj/usb.o
                0x0800e430                usbStart
 .text.usbInitEndpointI
                0x0800e4a0       0x80 build/obj/usb.o
                0x0800e4a0                usbInitEndpointI
 .text.usbPrepareReceive
                0x0800e520       0x20 build/obj/usb.o
                0x0800e520                usbPrepareReceive
 .text.usbPrepareTransmit
                0x0800e540       0x20 build/obj/usb.o
                0x0800e540                usbPrepareTransmit
 .text.usbPrepareQueuedReceive
                0x0800e560       0x20 build/obj/usb.o
                0x0800e560                usbPrepareQueuedReceive
 .text.usbPrepareQueuedTransmit
                0x0800e580       0x20 build/obj/usb.o
                0x0800e580                usbPrepareQueuedTransmit
 .text.usbStartReceiveI
                0x0800e5a0       0x60 build/obj/usb.o
                0x0800e5a0                usbStartReceiveI
 .text.usbStartTransmitI
                0x0800e600       0x60 build/obj/usb.o
                0x0800e600                usbStartTransmitI
 .text._usb_reset
                0x0800e660       0x30 build/obj/usb.o
                0x0800e660                _usb_reset
 .text._usb_ep0setup
                0x0800e690      0x3f0 build/obj/usb.o
                0x0800e690                _usb_ep0setup
 .text._usb_ep0in
                0x0800ea80       0xf0 build/obj/usb.o
                0x0800ea80                _usb_ep0in
 .text._usb_ep0out
                0x0800eb70       0x90 build/obj/usb.o
                0x0800eb70                _usb_ep0out
 .text.acAddData
                0x0800ec00      0x120 build/obj/analog_chart.o
                0x0800ec00                acAddData
 .text.initAnalogChart
                0x0800ed20       0x40 build/obj/analog_chart.o
                0x0800ed20                initAnalogChart
 .text.onWaveShaftSignal
                0x0800ed60       0x30 build/obj/wave_analyzer.o
 .text.initWave
                0x0800ed90       0xa0 build/obj/wave_analyzer.o
 .text.setWaveModeSilent
                0x0800ee30       0x20 build/obj/wave_analyzer.o
 .text.waIcuPeriodCallback
                0x0800ee50       0x70 build/obj/wave_analyzer.o
 .text.waAnaWidthCallback
                0x0800eec0       0x50 build/obj/wave_analyzer.o
 .text.waThread
                0x0800ef10       0x40 build/obj/wave_analyzer.o
 .text.initWaveAnalyzer
                0x0800ef50       0xc0 build/obj/wave_analyzer.o
                0x0800ef50                initWaveAnalyzer
 .text.sendI2Cbyte
                0x0800f010       0x50 build/obj/hardware.o
 .text.initSpiModules
                0x0800f060       0x50 build/obj/hardware.o
                0x0800f060                initSpiModules
 .text.initHardware
                0x0800f0b0       0x70 build/obj/hardware.o
                0x0800f0b0                initHardware
 .text.getAvgAdcValue
                0x0800f120       0x70 build/obj/adc_inputs.o
 .text.adc_callback_slow
                0x0800f190      0x100 build/obj/adc_inputs.o
 .text.pwmpcb_fast
                0x0800f290       0x40 build/obj/adc_inputs.o
 .text.pwmpcb_slow
                0x0800f2d0       0x40 build/obj/adc_inputs.o
 .text.adc_callback_fast
                0x0800f310       0x30 build/obj/adc_inputs.o
 .text.printStatus
                0x0800f340       0x30 build/obj/adc_inputs.o
 .text.setAdcDebugReporting
                0x0800f370       0x20 build/obj/adc_inputs.o
 .text.getAdcValueByIndex
                0x0800f390       0x10 build/obj/adc_inputs.o
                0x0800f390                getAdcValueByIndex
 .text.getInternalAdcValue
                0x0800f3a0       0x20 build/obj/adc_inputs.o
                0x0800f3a0                getInternalAdcValue
 .text.printAdcValue
                0x0800f3c0       0x60 build/obj/adc_inputs.o
 .text.getAdcChannelPort
                0x0800f420       0x90 build/obj/adc_inputs.o
                0x0800f420                getAdcChannelPort
 .text.getAdcChannelPin
                0x0800f4b0       0x80 build/obj/adc_inputs.o
                0x0800f4b0                getAdcChannelPin
 .text.initSlowChannel
                0x0800f530       0x90 build/obj/adc_inputs.o
                0x0800f530                initSlowChannel
 .text.getAdcHardwareIndexByInternalIndex
                0x0800f5c0       0x10 build/obj/adc_inputs.o
                0x0800f5c0                getAdcHardwareIndexByInternalIndex
 .text.printFullAdcReport
                0x0800f5d0      0x520 build/obj/adc_inputs.o
 .text.initAdcInputs
                0x0800faf0      0x130 build/obj/adc_inputs.o
                0x0800faf0                initAdcInputs
 .text.pokeAdcInputs
                0x0800fc20       0x20 build/obj/adc_inputs.o
                0x0800fc20                pokeAdcInputs
 .text.shaft_icu_period_callback
                0x0800fc40       0x30 build/obj/trigger_input.o
 .text.shaft_icu_width_callback
                0x0800fc70       0x30 build/obj/trigger_input.o
 .text.initShaftPositionInputCapture
                0x0800fca0       0xb0 build/obj/trigger_input.o
                0x0800fca0                initShaftPositionInputCapture
 .text.getPortIndex
                0x0800fd50       0xa0 build/obj/pin_repository.o
 .text.reportPins
                0x0800fdf0       0x60 build/obj/pin_repository.o
 .text.chprintf
                0x0800fe50       0x20 build/obj/pin_repository.o
 .text.portname
                0x0800fe70       0xb0 build/obj/pin_repository.o
                0x0800fe70                portname
 .text.hwPortname
                0x0800ff20       0x60 build/obj/pin_repository.o
                0x0800ff20                hwPortname
 .text.initPinRepository
                0x0800ff80       0x80 build/obj/pin_repository.o
                0x0800ff80                initPinRepository
 .text.mySetPadMode
                0x08010000       0xf0 build/obj/pin_repository.o
                0x08010000                mySetPadMode
 .text.setOutputPinValue
                0x080100f0       0x70 build/obj/io_pins.o
                0x080100f0                setOutputPinValue
 .text.errBlinkingThread
                0x08010160       0x60 build/obj/io_pins.o
 .text.comBlinkingThread
                0x080101c0       0x90 build/obj/io_pins.o
 .text.turnOutputPinOff
                0x08010250       0x10 build/obj/io_pins.o
                0x08010250                turnOutputPinOff
 .text.turnOutputPinOn
                0x08010260       0x10 build/obj/io_pins.o
                0x08010260                turnOutputPinOn
 .text.getOutputPinValue
                0x08010270       0x20 build/obj/io_pins.o
                0x08010270                getOutputPinValue
 .text.setDefaultPinState
                0x08010290       0x40 build/obj/io_pins.o
                0x08010290                setDefaultPinState
 .text.outputPinRegisterExt
                0x080102d0       0x80 build/obj/io_pins.o
 .text.getHwPort
                0x08010350       0x20 build/obj/io_pins.o
                0x08010350                getHwPort
 .text.getHwPin
                0x08010370       0x10 build/obj/io_pins.o
                0x08010370                getHwPin
 .text.outputPinRegisterExt2
                0x08010380       0x40 build/obj/io_pins.o
                0x08010380                outputPinRegisterExt2
 .text.outputPinRegister
                0x080103c0       0x20 build/obj/io_pins.o
                0x080103c0                outputPinRegister
 .text.initPrimaryPins
                0x080103e0       0x20 build/obj/io_pins.o
                0x080103e0                initPrimaryPins
 .text.initOutputPins
                0x08010400      0x230 build/obj/io_pins.o
                0x08010400                initOutputPins
 .text.lcdSleep
                0x08010630       0x90 build/obj/lcd_HD44780.o
 .text.lcd_HD44780_write
                0x080106c0      0x1f0 build/obj/lcd_HD44780.o
 .text.lcdInfo  0x080108b0      0x110 build/obj/lcd_HD44780.o
 .text.lcd_HD44780_write_command
                0x080109c0       0x50 build/obj/lcd_HD44780.o
                0x080109c0                lcd_HD44780_write_command
 .text.lcd_HD44780_write_data
                0x08010a10       0x60 build/obj/lcd_HD44780.o
                0x08010a10                lcd_HD44780_write_data
 .text.lcd_HD44780_set_position
                0x08010a70       0x60 build/obj/lcd_HD44780.o
                0x08010a70                lcd_HD44780_set_position
 .text.lcd_HD44780_print_char
                0x08010ad0       0x30 build/obj/lcd_HD44780.o
                0x08010ad0                lcd_HD44780_print_char
 .text.lcd_HD44780_print_string
                0x08010b00       0x20 build/obj/lcd_HD44780.o
                0x08010b00                lcd_HD44780_print_string
 .text.lcd_HD44780_init
                0x08010b20      0x2e0 build/obj/lcd_HD44780.o
                0x08010b20                lcd_HD44780_init
 .text.lcdShowFatalMessage
                0x08010e00       0x30 build/obj/lcd_HD44780.o
                0x08010e00                lcdShowFatalMessage
 .text.get_descriptor
                0x08010e30       0x40 build/obj/usbcfg.o
 .text.usb_event
                0x08010e70       0x60 build/obj/usbcfg.o
 .text.usb_serial_start
                0x08010ed0       0x90 build/obj/usbconsole.o
                0x08010ed0                usb_serial_start
 .text.is_usb_serial_ready
                0x08010f60       0x20 build/obj/usbconsole.o
                0x08010f60                is_usb_serial_ready
 .text.is_serial_ready
                0x08010f80       0x10 build/obj/usbconsole.o
                0x08010f80                is_serial_ready
 .text.flashUnlock
                0x08010f90       0x40 build/obj/flash.o
 .text.flashWriteData
                0x08010fd0       0x40 build/obj/flash.o
 .text.flashSectorSize
                0x08011010       0x30 build/obj/flash.o
                0x08011010                flashSectorSize
 .text.flashSectorBegin
                0x08011040       0x70 build/obj/flash.o
                0x08011040                flashSectorBegin
 .text.flashSectorEnd
                0x080110b0       0x10 build/obj/flash.o
                0x080110b0                flashSectorEnd
 .text.flashSectorAt
                0x080110c0       0x20 build/obj/flash.o
                0x080110c0                flashSectorAt
 .text.flashIsErased
                0x080110e0       0xb0 build/obj/flash.o
                0x080110e0                flashIsErased
 .text.flashSectorErase
                0x08011190      0x110 build/obj/flash.o
                0x08011190                flashSectorErase
 .text.flashErase
                0x080112a0       0x40 build/obj/flash.o
                0x080112a0                flashErase
 .text.flashRead
                0x080112e0       0x20 build/obj/flash.o
                0x080112e0                flashRead
 .text.flashWrite
                0x08011300      0x140 build/obj/flash.o
                0x08011300                flashWrite
 .text.date_help
                0x08011440       0x50 build/obj/rtc_helper.o
 .text.date_get
                0x08011490       0xa0 build/obj/rtc_helper.o
 .text.date_set
                0x08011530       0x50 build/obj/rtc_helper.o
 .text.date_set_tm
                0x08011580       0x20 build/obj/rtc_helper.o
                0x08011580                date_set_tm
 .text.date_get_tm
                0x080115a0       0x20 build/obj/rtc_helper.o
                0x080115a0                date_get_tm
 .text.dateToString
                0x080115c0      0x150 build/obj/rtc_helper.o
                0x080115c0                dateToString
 .text.initRtc  0x08011710       0x70 build/obj/rtc_helper.o
                0x08011710                initRtc
 .text.printError
                0x08011780       0x20 build/obj/mmc_card.o
 .text.ff_cmd_dir
                0x080117a0      0x120 build/obj/mmc_card.o
 .text.MMCumount
                0x080118c0       0x80 build/obj/mmc_card.o
 .text.MMCmount
                0x08011940      0x100 build/obj/mmc_card.o
 .text.sdStatistics
                0x08011a40       0x50 build/obj/mmc_card.o
 .text.MMCmonThread
                0x08011a90       0x50 build/obj/mmc_card.o
 .text.appendToLog
                0x08011ae0       0x90 build/obj/mmc_card.o
                0x08011ae0                appendToLog
 .text.initMmcCard
                0x08011b70       0xc0 build/obj/mmc_card.o
                0x08011b70                initMmcCard
 .text.GpsThreadEntryPoint
                0x08011c30       0xc0 build/obj/neo6m.o
 .text.getCurrentSpeed
                0x08011cf0       0x10 build/obj/neo6m.o
                0x08011cf0                getCurrentSpeed
 .text.printGpsInfo
                0x08011d00      0x100 build/obj/neo6m.o
 .text.initGps  0x08011e00       0xa0 build/obj/neo6m.o
                0x08011e00                initGps
 .text.initOutputPinExt
                0x08011ea0       0x20 build/obj/gpio_helper.o
                0x08011ea0                initOutputPinExt
 .text.getLogicPinValue
                0x08011ec0       0x10 build/obj/gpio_helper.o
                0x08011ec0                getLogicPinValue
 .text.setPinValue
                0x08011ed0       0x40 build/obj/gpio_helper.o
                0x08011ed0                setPinValue
 .text.initBoardTest
                0x08011f10       0x10 build/obj/board_test.o
                0x08011f10                initBoardTest
 .text.findWaveReaderHw
                0x08011f20       0x90 build/obj/wave_analyzer_hw.o
 .text.icuPeriordCallBack
                0x08011fb0       0x10 build/obj/wave_analyzer_hw.o
 .text.icuWidthCallback
                0x08011fc0       0x10 build/obj/wave_analyzer_hw.o
 .text.initWaveAnalyzerDriver
                0x08011fd0       0xb0 build/obj/wave_analyzer_hw.o
                0x08011fd0                initWaveAnalyzerDriver
 .text.setWaveReaderMode
                0x08012080       0x60 build/obj/wave_analyzer_hw.o
                0x08012080                setWaveReaderMode
 .text.applyPinState
                0x080120e0       0x60 build/obj/pwm_generator.o
                0x080120e0                applyPinState
 .text.initPwmGenerator
                0x08012140       0x20 build/obj/pwm_generator.o
                0x08012140                initPwmGenerator
 .text.sparkbench
                0x08012160       0x70 build/obj/injector_central.o
 .text.fuelbench
                0x080121d0       0x70 build/obj/injector_central.o
 .text.isInjectionEnabled
                0x08012240       0x10 build/obj/injector_central.o
                0x08012240                isInjectionEnabled
 .text.assertCylinderId
                0x08012250       0x30 build/obj/injector_central.o
                0x08012250                assertCylinderId
 .text.isInjectorEnabled
                0x08012280       0x30 build/obj/injector_central.o
                0x08012280                isInjectorEnabled
 .text.printStatus
                0x080122b0       0x90 build/obj/injector_central.o
 .text.setInjectorEnabled
                0x08012340       0x50 build/obj/injector_central.o
 .text.runBench
                0x08012390      0x1b0 build/obj/injector_central.o
                0x08012390                runBench
 .text.benchThread
                0x08012540       0x80 build/obj/injector_central.o
 .text.initInjectorCentral
                0x080125c0      0x170 build/obj/injector_central.o
                0x080125c0                initInjectorCentral
 .text.initIgnitionCentral
                0x08012730       0x80 build/obj/ignition_central.o
                0x08012730                initIgnitionCentral
 .text.doResetConfiguration
                0x080127b0       0x30 build/obj/flash_main.o
 .text.flashStateCrc
                0x080127e0       0x10 build/obj/flash_main.o
                0x080127e0                flashStateCrc
 .text.readFromFlash
                0x080127f0      0x100 build/obj/flash_main.o
 .text.writeToFlash
                0x080128f0       0xb0 build/obj/flash_main.o
                0x080128f0                writeToFlash
 .text.initFlash
                0x080129a0       0x70 build/obj/flash_main.o
                0x080129a0                initFlash
 .text.blink_digits
                0x08012a10       0xd0 build/obj/malfunction_indicator.o
 .text.mfiThread
                0x08012ae0       0xf0 build/obj/malfunction_indicator.o
 .text.initMalfunctionIndicator
                0x08012bd0       0x40 build/obj/malfunction_indicator.o
                0x08012bd0                initMalfunctionIndicator
 .text.warning  0x08012c10       0x90 build/obj/error_handling.o
                0x08012c10                warning
 .text.initErrorHandling
                0x08012ca0       0x20 build/obj/error_handling.o
                0x08012ca0                initErrorHandling
 .text.showMapStats
                0x08012cc0       0x30 build/obj/map_averaging.o
 .text.shaftPositionCallback
                0x08012cf0       0xd0 build/obj/map_averaging.o
 .text.endAveraging
                0x08012dc0       0x50 build/obj/map_averaging.o
 .text.startAveraging
                0x08012e10       0x40 build/obj/map_averaging.o
 .text.getAtmosphericPressure
                0x08012e50       0x10 build/obj/map_averaging.o
                0x08012e50                getAtmosphericPressure
 .text.mapAveragingCallback
                0x08012e60       0xe0 build/obj/map_averaging.o
                0x08012e60                mapAveragingCallback
 .text.getMap   0x08012f40       0x20 build/obj/map_averaging.o
                0x08012f40                getMap
 .text.initMapAveraging
                0x08012f60       0x40 build/obj/map_averaging.o
                0x08012f60                initMapAveraging
 .text.prepareFuelMap
                0x08012fa0       0x90 build/obj/fuel_math.o
                0x08012fa0                prepareFuelMap
 .text.getCltCorrection
                0x08013030       0x30 build/obj/fuel_math.o
                0x08013030                getCltCorrection
 .text.getIatCorrection
                0x08013060       0x30 build/obj/fuel_math.o
                0x08013060                getIatCorrection
 .text.getInjectorLag
                0x08013090       0x60 build/obj/fuel_math.o
                0x08013090                getInjectorLag
 .text.getBaseFuel
                0x080130f0       0x70 build/obj/fuel_math.o
                0x080130f0                getBaseFuel
 .text.getRunningFuel
                0x08013160       0x60 build/obj/fuel_math.o
                0x08013160                getRunningFuel
 .text.getStartingFuel
                0x080131c0       0x70 build/obj/fuel_math.o
                0x080131c0                getStartingFuel
 .text.getCrankingFuel
                0x08013230       0x10 build/obj/fuel_math.o
                0x08013230                getCrankingFuel
 .text.getFuelMs
                0x08013240       0x30 build/obj/fuel_math.o
                0x08013240                getFuelMs
 .text.getElectricalValue
                0x08013270       0x50 build/obj/fuel_math.o
                0x08013270                getElectricalValue
 .text.getBaseAdvance
                0x080132c0       0x60 build/obj/advance_map.o
                0x080132c0                getBaseAdvance
 .text.getAdvance
                0x08013320       0x60 build/obj/advance_map.o
                0x08013320                getAdvance
 .text.prepareTimingMap
                0x08013380       0x90 build/obj/advance_map.o
                0x08013380                prepareTimingMap
 .text.getGlobalConfigurationVersion
                0x08013410       0x10 build/obj/engine_configuration.o
                0x08013410                getGlobalConfigurationVersion
 .text.incrementGlobalConfigurationVersion
                0x08013420       0x20 build/obj/engine_configuration.o
                0x08013420                incrementGlobalConfigurationVersion
 .text.setConstantDwell
                0x08013440       0x80 build/obj/engine_configuration.o
                0x08013440                setConstantDwell
 .text.initBpsxD1Sensor
                0x080134c0       0x30 build/obj/engine_configuration.o
                0x080134c0                initBpsxD1Sensor
 .text.setWholeFuelMap
                0x080134f0      0x610 build/obj/engine_configuration.o
                0x080134f0                setWholeFuelMap
 .text.setDefaultConfiguration
                0x08013b00      0x530 build/obj/engine_configuration.o
                0x08013b00                setDefaultConfiguration
 .text.setDefaultNonPersistentConfiguration
                0x08014030       0x10 build/obj/engine_configuration.o
                0x08014030                setDefaultNonPersistentConfiguration
 .text.applyNonPersistentConfiguration
                0x08014040       0x70 build/obj/engine_configuration.o
                0x08014040                applyNonPersistentConfiguration
 .text.resetConfigurationExt
                0x080140b0       0xd0 build/obj/engine_configuration.o
                0x080140b0                resetConfigurationExt
 .text.turnLow  0x08014180       0x30 build/obj/signal_executor.o
 .text.turnHigh
                0x080141b0       0x30 build/obj/signal_executor.o
 .text.initSignalExecutor
                0x080141e0       0x20 build/obj/signal_executor.o
                0x080141e0                initSignalExecutor
 .text.initOutputSignalBase
                0x08014200       0x20 build/obj/signal_executor.o
                0x08014200                initOutputSignalBase
 .text.scheduleOutputBase
                0x08014220       0x30 build/obj/signal_executor.o
                0x08014220                scheduleOutputBase
 .text.scheduleOutput
                0x08014250       0xb0 build/obj/signal_executor.o
                0x08014250                scheduleOutput
 .text.getPinName
                0x08014300       0x90 build/obj/signal_executor.o
                0x08014300                getPinName
 .text.interpolate
                0x08014390       0x80 build/obj/interpolation.o
                0x08014390                interpolate
 .text.findIndex
                0x08014410       0xa0 build/obj/interpolation.o
                0x08014410                findIndex
 .text.interpolate2d
                0x080144b0       0x60 build/obj/interpolation.o
                0x080144b0                interpolate2d
 .text.interpolate3d
                0x08014510      0x190 build/obj/interpolation.o
                0x08014510                interpolate3d
 .text.find_position
                0x080146a0       0x80 build/obj/malfunction_central.o
 .text.initMalfunctionCentral
                0x08014720       0x10 build/obj/malfunction_central.o
                0x08014720                initMalfunctionCentral
 .text.addError
                0x08014730       0x40 build/obj/malfunction_central.o
                0x08014730                addError
 .text.removeError
                0x08014770       0x90 build/obj/malfunction_central.o
                0x08014770                removeError
 .text.setError
                0x08014800       0x20 build/obj/malfunction_central.o
                0x08014800                setError
 .text.getErrorCodes
                0x08014820       0x70 build/obj/malfunction_central.o
                0x08014820                getErrorCodes
 .text.hasErrorCodes
                0x08014890       0x20 build/obj/malfunction_central.o
                0x08014890                hasErrorCodes
 .text.resetEventList
                0x080148b0       0x10 build/obj/event_registry.o
                0x080148b0                resetEventList
 .text.registerActuatorEvent
                0x080148c0       0x40 build/obj/event_registry.o
                0x080148c0                registerActuatorEvent
 .text.findEvents
                0x08014900       0x60 build/obj/event_registry.o
                0x08014900                findEvents
 .text.maxF     0x08014960       0x20 build/obj/idle_controller.o
                0x08014960                maxF
 .text.printStatus
                0x08014980       0x40 build/obj/wave_chart.o
 .text.setChartActive
                0x080149c0       0x20 build/obj/wave_chart.o
 .text.setChartSize
                0x080149e0       0x20 build/obj/wave_chart.o
                0x080149e0                setChartSize
 .text.resetWaveChart
                0x08014a00       0x30 build/obj/wave_chart.o
                0x08014a00                resetWaveChart
 .text.isWaveChartFull
                0x08014a30       0x20 build/obj/wave_chart.o
                0x08014a30                isWaveChartFull
 .text.publishChart
                0x08014a50       0x30 build/obj/wave_chart.o
                0x08014a50                publishChart
 .text.publishChartIfFull
                0x08014a80       0x20 build/obj/wave_chart.o
                0x08014a80                publishChartIfFull
 .text.addWaveChartEvent3
                0x08014aa0       0x90 build/obj/wave_chart.o
                0x08014aa0                addWaveChartEvent3
 .text.initWaveChart
                0x08014b30       0x90 build/obj/wave_chart.o
                0x08014b30                initWaveChart
 .text.hex2int  0x08014bc0       0xc0 build/obj/nmea.o
                0x08014bc0                hex2int
 .text.str2int  0x08014c80       0x80 build/obj/nmea.o
                0x08014c80                str2int
 .text.gps_deg_dec
                0x08014d00      0x130 build/obj/nmea.o
                0x08014d00                gps_deg_dec
 .text.gps_convert_deg_to_dec
                0x08014e30       0x40 build/obj/nmea.o
                0x08014e30                gps_convert_deg_to_dec
 .text.str_till_comma
                0x08014e70       0xb0 build/obj/nmea.o
                0x08014e70                str_till_comma
 .text.nmea_parse_gpgga
                0x08014f20      0x130 build/obj/nmea.o
                0x08014f20                nmea_parse_gpgga
 .text.nmea_parse_gprmc
                0x08015050      0x1d0 build/obj/nmea.o
                0x08015050                nmea_parse_gprmc
 .text.nmea_valid_checksum
                0x08015220       0x50 build/obj/nmea.o
                0x08015220                nmea_valid_checksum
 .text.nmea_get_message_type
                0x08015270       0x40 build/obj/nmea.o
                0x08015270                nmea_get_message_type
 .text.gps_location
                0x080152b0       0x40 build/obj/nmea.o
                0x080152b0                gps_location
 .text.initAlgo
                0x080152f0       0x20 build/obj/algo.o
                0x080152f0                initAlgo
 .text.getTpsRateOfChange
                0x08015310       0x20 build/obj/tps.o
                0x08015310                getTpsRateOfChange
 .text.getTpsValue
                0x08015330       0x90 build/obj/tps.o
                0x08015330                getTpsValue
 .text.getTPSVoltage
                0x080153c0       0x50 build/obj/tps.o
                0x080153c0                getTPSVoltage
 .text.getTPS10bitAdc
                0x08015410       0x20 build/obj/tps.o
                0x08015410                getTPS10bitAdc
 .text.getTPS   0x08015430       0x10 build/obj/tps.o
                0x08015430                getTPS
 .text.convertVoltageTo10bitADC
                0x08015440       0x30 build/obj/tps.o
                0x08015440                convertVoltageTo10bitADC
 .text.initSensors
                0x08015470       0x10 build/obj/allsensors.o
                0x08015470                initSensors
 .text.getMaf   0x08015480       0x50 build/obj/maf.o
                0x08015480                getMaf
 .text.getMAPValueHonda_Denso183
                0x080154d0       0x30 build/obj/map.o
                0x080154d0                getMAPValueHonda_Denso183
 .text.getMAPValueMPX_4250
                0x08015500       0x30 build/obj/map.o
                0x08015500                getMAPValueMPX_4250
 .text.getMapByVoltage
                0x08015530       0x60 build/obj/map.o
                0x08015530                getMapByVoltage
 .text.getAfr   0x08015590       0x70 build/obj/ego.o
                0x08015590                getAfr
 .text.getVRef  0x08015600       0x50 build/obj/voltage.o
                0x08015600                getVRef
 .text.getVBatt
                0x08015650       0x50 build/obj/voltage.o
                0x08015650                getVBatt
 .text.getR2InVoltageDividor
                0x080156a0       0x40 build/obj/thermistors.o
                0x080156a0                getR2InVoltageDividor
 .text.convertResistanceToKelvinTemperature
                0x080156e0       0x60 build/obj/thermistors.o
                0x080156e0                convertResistanceToKelvinTemperature
 .text.convertKelvinToC
                0x08015740       0x20 build/obj/thermistors.o
                0x08015740                convertKelvinToC
 .text.getKelvinTemperature
                0x08015760       0x30 build/obj/thermistors.o
                0x08015760                getKelvinTemperature
 .text.getResistance
                0x08015790       0x80 build/obj/thermistors.o
                0x08015790                getResistance
 .text.getTemperatureC
                0x08015810       0x40 build/obj/thermistors.o
                0x08015810                getTemperatureC
 .text.isValidCoolantTemperature
                0x08015850       0x50 build/obj/thermistors.o
                0x08015850                isValidCoolantTemperature