Archive member included because of file (symbol)

c:/chibistudio/tools/gnu tools arm embedded/4.7 2013q2/bin/../lib/gcc/arm-none-eabi/4.7.4/../../../../arm-none-eabi/lib/armv7e-m\libm.a(lib_a-s_fpclassify.o)
                              build/obj/chprintf.o (__fpclassifyd)
c:/chibistudio/tools/gnu tools arm embedded/4.7 2013q2/bin/../lib/gcc/arm-none-eabi/4.7.4/../../../../arm-none-eabi/lib/armv7e-m\libm.a(lib_a-s_modf.o)
                              build/obj/nmea.o (modf)
c:/chibistudio/tools/gnu tools arm embedded/4.7 2013q2/bin/../lib/gcc/arm-none-eabi/4.7.4/../../../../arm-none-eabi/lib/armv7e-m\libm.a(lib_a-s_round.o)
                              build/obj/nmea.o (round)
c:/chibistudio/tools/gnu tools arm embedded/4.7 2013q2/bin/../lib/gcc/arm-none-eabi/4.7.4/../../../../arm-none-eabi/lib/armv7e-m\libm.a(lib_a-w_log.o)
                              build/obj/thermistors.o (log)
c:/chibistudio/tools/gnu tools arm embedded/4.7 2013q2/bin/../lib/gcc/arm-none-eabi/4.7.4/../../../../arm-none-eabi/lib/armv7e-m\libm.a(lib_a-w_pow.o)
                              build/obj/malfunction_indicator.o (pow)
c:/chibistudio/tools/gnu tools arm embedded/4.7 2013q2/bin/../lib/gcc/arm-none-eabi/4.7.4/../../../../arm-none-eabi/lib/armv7e-m\libm.a(lib_a-e_log.o)
                              c:/chibistudio/tools/gnu tools arm embedded/4.7 2013q2/bin/../lib/gcc/arm-none-eabi/4.7.4/../../../../arm-none-eabi/lib/armv7e-m\libm.a(lib_a-w_log.o) (__ieee754_log)
c:/chibistudio/tools/gnu tools arm embedded/4.7 2013q2/bin/../lib/gcc/arm-none-eabi/4.7.4/../../../../arm-none-eabi/lib/armv7e-m\libm.a(lib_a-e_pow.o)
                              c:/chibistudio/tools/gnu tools arm embedded/4.7 2013q2/bin/../lib/gcc/arm-none-eabi/4.7.4/../../../../arm-none-eabi/lib/armv7e-m\libm.a(lib_a-w_pow.o) (__ieee754_pow)
c:/chibistudio/tools/gnu tools arm embedded/4.7 2013q2/bin/../lib/gcc/arm-none-eabi/4.7.4/../../../../arm-none-eabi/lib/armv7e-m\libm.a(lib_a-e_sqrt.o)
                              c:/chibistudio/tools/gnu tools arm embedded/4.7 2013q2/bin/../lib/gcc/arm-none-eabi/4.7.4/../../../../arm-none-eabi/lib/armv7e-m\libm.a(lib_a-e_pow.o) (__ieee754_sqrt)
c:/chibistudio/tools/gnu tools arm embedded/4.7 2013q2/bin/../lib/gcc/arm-none-eabi/4.7.4/../../../../arm-none-eabi/lib/armv7e-m\libm.a(lib_a-s_fabs.o)
                              c:/chibistudio/tools/gnu tools arm embedded/4.7 2013q2/bin/../lib/gcc/arm-none-eabi/4.7.4/../../../../arm-none-eabi/lib/armv7e-m\libm.a(lib_a-e_pow.o) (fabs)
c:/chibistudio/tools/gnu tools arm embedded/4.7 2013q2/bin/../lib/gcc/arm-none-eabi/4.7.4/../../../../arm-none-eabi/lib/armv7e-m\libm.a(lib_a-s_finite.o)
                              c:/chibistudio/tools/gnu tools arm embedded/4.7 2013q2/bin/../lib/gcc/arm-none-eabi/4.7.4/../../../../arm-none-eabi/lib/armv7e-m\libm.a(lib_a-w_pow.o) (finite)
c:/chibistudio/tools/gnu tools arm embedded/4.7 2013q2/bin/../lib/gcc/arm-none-eabi/4.7.4/../../../../arm-none-eabi/lib/armv7e-m\libm.a(lib_a-s_lib_ver.o)
                              c:/chibistudio/tools/gnu tools arm embedded/4.7 2013q2/bin/../lib/gcc/arm-none-eabi/4.7.4/../../../../arm-none-eabi/lib/armv7e-m\libm.a(lib_a-w_log.o) (__fdlib_version)
c:/chibistudio/tools/gnu tools arm embedded/4.7 2013q2/bin/../lib/gcc/arm-none-eabi/4.7.4/../../../../arm-none-eabi/lib/armv7e-m\libm.a(lib_a-s_matherr.o)
                              c:/chibistudio/tools/gnu tools arm embedded/4.7 2013q2/bin/../lib/gcc/arm-none-eabi/4.7.4/../../../../arm-none-eabi/lib/armv7e-m\libm.a(lib_a-w_log.o) (matherr)
c:/chibistudio/tools/gnu tools arm embedded/4.7 2013q2/bin/../lib/gcc/arm-none-eabi/4.7.4/../../../../arm-none-eabi/lib/armv7e-m\libm.a(lib_a-s_nan.o)
                              c:/chibistudio/tools/gnu tools arm embedded/4.7 2013q2/bin/../lib/gcc/arm-none-eabi/4.7.4/../../../../arm-none-eabi/lib/armv7e-m\libm.a(lib_a-w_log.o) (nan)
c:/chibistudio/tools/gnu tools arm embedded/4.7 2013q2/bin/../lib/gcc/arm-none-eabi/4.7.4/../../../../arm-none-eabi/lib/armv7e-m\libm.a(lib_a-s_rint.o)
                              c:/chibistudio/tools/gnu tools arm embedded/4.7 2013q2/bin/../lib/gcc/arm-none-eabi/4.7.4/../../../../arm-none-eabi/lib/armv7e-m\libm.a(lib_a-w_pow.o) (rint)
c:/chibistudio/tools/gnu tools arm embedded/4.7 2013q2/bin/../lib/gcc/arm-none-eabi/4.7.4/../../../../arm-none-eabi/lib/armv7e-m\libm.a(lib_a-s_scalbn.o)
                              c:/chibistudio/tools/gnu tools arm embedded/4.7 2013q2/bin/../lib/gcc/arm-none-eabi/4.7.4/../../../../arm-none-eabi/lib/armv7e-m\libm.a(lib_a-e_pow.o) (scalbn)
c:/chibistudio/tools/gnu tools arm embedded/4.7 2013q2/bin/../lib/gcc/arm-none-eabi/4.7.4/../../../../arm-none-eabi/lib/armv7e-m\libm.a(lib_a-s_copysign.o)
                              c:/chibistudio/tools/gnu tools arm embedded/4.7 2013q2/bin/../lib/gcc/arm-none-eabi/4.7.4/../../../../arm-none-eabi/lib/armv7e-m\libm.a(lib_a-s_scalbn.o) (copysign)
[...]
Memory Configuration

Name             Origin             Length             Attributes
flash            0x08000000         0x00100000
ram              0x20000000         0x0001c000
ethram           0x2001c000         0x00004000
ccmram           0x10000000         0x00010000
*default*        0x00000000         0xffffffff

Linker script and memory map

LOAD build/obj/crt0.o
LOAD build/obj/vectors.o
LOAD build/obj/chcore.o
LOAD build/obj/chcore_v7m.o
LOAD build/obj/nvic.o
LOAD build/obj/chsys.o
LOAD build/obj/chdebug.o
LOAD build/obj/chlists.o
LOAD build/obj/chvt.o
LOAD build/obj/chschd.o
LOAD build/obj/chthreads.o
LOAD build/obj/chdynamic.o
LOAD build/obj/chregistry.o
LOAD build/obj/chsem.o
LOAD build/obj/chmtx.o
LOAD build/obj/chcond.o
LOAD build/obj/chevents.o
LOAD build/obj/chmsg.o
LOAD build/obj/chmboxes.o
LOAD build/obj/chqueues.o
LOAD build/obj/chmemcore.o
LOAD build/obj/chheap.o
LOAD build/obj/chmempools.o
LOAD build/obj/chprintf.o
LOAD build/obj/memstreams.o
LOAD build/obj/chrtclib.o
LOAD build/obj/data_buffer.o
LOAD build/obj/listener_array.o
LOAD build/obj/crc.o
LOAD build/obj/histogram.o
LOAD build/obj/eficonsole_logic.o
LOAD build/obj/wave_math.o
LOAD build/obj/audi_aan.o
LOAD build/obj/dodge_neon.o
LOAD build/obj/ford_fiesta.o
LOAD build/obj/ford_1995_inline_6.o
LOAD build/obj/nissan_primera.o
LOAD build/obj/mazda_miata_nb.o
LOAD build/obj/honda_accord.o
LOAD build/obj/snow_blower.o
LOAD build/obj/GY6_139QMB.o
LOAD build/obj/mazda_323.o
LOAD build/obj/eficonsole.o
LOAD build/obj/console_io.o
LOAD build/obj/status_loop.o
LOAD build/obj/tunerstudio_algo.o
LOAD build/obj/tunerstudio.o
LOAD build/obj/datalogging.o
LOAD build/obj/rfiutil.o
LOAD build/obj/hal.o
LOAD build/obj/adc.o
LOAD build/obj/can.o
LOAD build/obj/ext.o
LOAD build/obj/gpt.o
LOAD build/obj/i2c.o
LOAD build/obj/icu.o
LOAD build/obj/mac.o
LOAD build/obj/mmc_spi.o
LOAD build/obj/mmcsd.o
LOAD build/obj/pal.o
LOAD build/obj/pwm.o
LOAD build/obj/rtc.o
LOAD build/obj/sdc.o
LOAD build/obj/serial.o
LOAD build/obj/serial_usb.o
LOAD build/obj/spi.o
LOAD build/obj/tm.o
LOAD build/obj/uart.o
LOAD build/obj/usb.o
LOAD build/obj/poten.o
LOAD build/obj/analog_chart.o
LOAD build/obj/wave_analyzer.o
LOAD build/obj/hardware.o
LOAD build/obj/adc_inputs.o
LOAD build/obj/trigger_input.o
LOAD build/obj/pin_repository.o
LOAD build/obj/io_pins.o
LOAD build/obj/mcp3208.o
LOAD build/obj/lcd_HD44780.o
LOAD build/obj/can_hw.o
LOAD build/obj/HIP9011.o
LOAD build/obj/usbcfg.o
LOAD build/obj/usbconsole.o
LOAD build/obj/flash.o
LOAD build/obj/rtc_helper.o
LOAD build/obj/mmc_card.o
LOAD build/obj/neo6m.o
LOAD build/obj/gpio_helper.o
LOAD build/obj/board_test.o
LOAD build/obj/wave_analyzer_hw.o
LOAD build/obj/pwm_generator.o
LOAD build/obj/electronic_throttle.o
LOAD build/obj/idle_thread.o
LOAD build/obj/injector_central.o
LOAD build/obj/ignition_central.o
LOAD build/obj/flash_main.o
LOAD build/obj/malfunction_indicator.o
LOAD build/obj/error_handling.o
LOAD build/obj/map_averaging.o
LOAD build/obj/map_multiplier_thread.o
LOAD build/obj/alternatorController.o
LOAD build/obj/map_adjuster.o
LOAD build/obj/fuel_math.o
LOAD build/obj/advance_map.o
LOAD build/obj/engine_configuration.o
LOAD build/obj/signal_executor.o
LOAD build/obj/interpolation.o
LOAD build/obj/malfunction_central.o
LOAD build/obj/event_registry.o
LOAD build/obj/idle_controller.o
LOAD build/obj/wave_chart.o
LOAD build/obj/nmea.o
LOAD build/obj/algo.o
LOAD build/obj/signal_executor_single_timer_algo.o
LOAD build/obj/avg_values.o
LOAD build/obj/tps.o
LOAD build/obj/allsensors.o
LOAD build/obj/maf.o
LOAD build/obj/map.o
LOAD build/obj/ego.o
LOAD build/obj/voltage.o
LOAD build/obj/thermistors.o
LOAD build/obj/stm32_dma.o
LOAD build/obj/hal_lld.o
LOAD build/obj/adc_lld.o
LOAD build/obj/ext_lld_isr.o
LOAD build/obj/can_lld.o
LOAD build/obj/ext_lld.o
LOAD build/obj/mac_lld.o
LOAD build/obj/sdc_lld.o
LOAD build/obj/pal_lld.o
LOAD build/obj/i2c_lld.o
LOAD build/obj/usb_lld.o
LOAD build/obj/rtc_lld.o
LOAD build/obj/spi_lld.o
LOAD build/obj/gpt_lld.o
LOAD build/obj/icu_lld.o
LOAD build/obj/pwm_lld.o
LOAD build/obj/serial_lld.o
LOAD build/obj/uart_lld.o
LOAD build/obj/board.o
LOAD build/obj/fatfs_diskio.o
LOAD build/obj/fatfs_syscall.o
LOAD build/obj/ff.o
LOAD build/obj/ccsbcs.o
LOAD build/obj/trigger_central.o
LOAD build/obj/trigger_mazda.o
LOAD build/obj/trigger_structure.o
LOAD build/obj/rpm_calculator.o
LOAD build/obj/pwm_generator_logic.o
LOAD build/obj/signal_temp.o
LOAD build/obj/signal_executor_sleep.o
LOAD build/obj/signal_executor_single_timer.o
LOAD build/obj/signal_executor_hw_timer.o
LOAD build/obj/ch.o
LOAD build/obj/trigger_decoder.o
LOAD build/obj/trigger_chrysler.o
LOAD build/obj/trigger_gm.o
LOAD build/obj/main_trigger_callback.o
LOAD build/obj/trigger_emulator.o
LOAD build/obj/rfi_perftest.o
LOAD build/obj/engine_emulator.o
LOAD build/obj/OutputSignalArray.o
LOAD build/obj/trigger_emulator_algo.o
LOAD build/obj/ford_aspire.o
LOAD build/obj/MiniCooperR50.o
LOAD build/obj/ford_escort_gt.o
LOAD build/obj/citroenBerlingoTU3JP.o
LOAD build/obj/saturn_ion.o
LOAD build/obj/settings.o
LOAD build/obj/engine_controller.o
LOAD build/obj/cyclic_buffer.o
LOAD build/obj/efilib.o
LOAD build/obj/efilib2.o
LOAD build/obj/LocalVersionHolder.o
LOAD build/obj/engine_math.o
LOAD build/obj/rusefi.o
LOAD build/obj/main.o
LOAD c:/chibistudio/tools/gnu tools arm embedded/4.7 2013q2/bin/../lib/gcc/arm-none-eabi/4.7.4/../../../../arm-none-eabi/lib/armv7e-m\libstdc++.a
LOAD c:/chibistudio/tools/gnu tools arm embedded/4.7 2013q2/bin/../lib/gcc/arm-none-eabi/4.7.4/../../../../arm-none-eabi/lib/armv7e-m\libm.a
START GROUP
LOAD c:/chibistudio/tools/gnu tools arm embedded/4.7 2013q2/bin/../lib/gcc/arm-none-eabi/4.7.4/armv7e-m\libgcc.a
LOAD c:/chibistudio/tools/gnu tools arm embedded/4.7 2013q2/bin/../lib/gcc/arm-none-eabi/4.7.4/../../../../arm-none-eabi/lib/armv7e-m\libc.a
END GROUP
                0x00000400                __main_stack_size__ = 0x400
                0x00000400                __process_stack_size__ = 0x400
                0x20000000                __ram_start__ = ORIGIN (ram)
                0x0001c000                __ram_size__ = 0x1c000
                0x2001c000                __ram_end__ = (__ram_start__ + __ram_size__)
                0x00000000                . = 0x0
                0x00000000                _text = .

startup         0x08000000      0x188
 *(vectors)
 vectors        0x08000000      0x188 build/obj/vectors.o
                0x08000000                _vectors

constructors    0x08000188       0x14
                0x08000188                PROVIDE (__init_array_start, .)
 *(SORT(.init_array.*))
 *(.init_array)
 .init_array    0x08000188        0x4 build/obj/trigger_decoder.o
 .init_array    0x0800018c        0x4 build/obj/main_trigger_callback.o
 .init_array    0x08000190        0x4 build/obj/trigger_emulator_algo.o
 .init_array    0x08000194        0x4 build/obj/engine_controller.o
 .init_array    0x08000198        0x4 build/obj/engine_math.o
                0x0800019c                PROVIDE (__init_array_end, .)

destructors     0x0800019c        0x8
                0x0800019c                PROVIDE (__fini_array_start, .)
 *(.fini_array)
 .fini_array    0x0800019c        0x4 build/obj/trigger_decoder.o
 .fini_array    0x080001a0        0x4 build/obj/main_trigger_callback.o
 *(SORT(.fini_array.*))
                0x080001a4                PROVIDE (__fini_array_end, .)

.text           0x080001b0    0x2b888
 *(.text.startup.*)
 *(.text)
 .text          0x080001b0      0x780 build/obj/trigger_decoder.o
                0x080001b0                isTriggerDecoderError
                0x080002b0                processTriggerEvent
                0x08000560                initializeSkippedToothTriggerShapeExt
                0x080006a8                initializeTriggerShape
                0x08000758                findTriggerZeroEventIndex
                0x080008a0                initTriggerDecoder
 .text          0x08000930      0x464 build/obj/trigger_chrysler.o
                0x08000930                configureNeonTriggerShape
 *fill*         0x08000d94        0xc 00
 .text          0x08000da0      0x1a4 build/obj/trigger_gm.o
                0x08000da0                configureGmTriggerShape
 *fill*         0x08000f44        0xc 00
 .text          0x08000f50      0x6b4 build/obj/main_trigger_callback.o
                0x080012a4                showMainHistogram
                0x080014ac                initMainEventListener
                0x08001560                isIgnitionTimingError
 *fill*         0x08001604        0xc 00
 .text          0x08001610       0xb4 build/obj/trigger_emulator.o
                0x08001610                initTriggerEmulator
 *fill*         0x080016c4        0xc 00
 .text          0x080016d0      0xc00 build/obj/rfi_perftest.o
                0x08002270                initTimePerfActions
 .text          0x080022d0      0x274 build/obj/engine_emulator.o
                0x080022d0                setDiag(int)
                0x08002314                emulate()
                0x08002428                startEmulator()
                0x08002534                initEngineEmulator
 *fill*         0x08002544        0xc 00
 .text          0x08002550       0xb4 build/obj/OutputSignalArray.o
                0x08002550                OutputSignalList::OutputSignalList()
                0x08002550                OutputSignalList::OutputSignalList()
                0x0800256c                OutputSignalList::clear()
                0x08002588                OutputSignalList::getSize()
                0x080025a0                OutputSignalList::add(io_pin_e)
 *fill*         0x08002604        0xc 00
 .text          0x08002610      0x21c build/obj/trigger_emulator_algo.o
                0x08002610                setTriggerEmulatorRPM(int)
                0x0800274c                initTriggerEmulatorLogic
 *fill*         0x0800282c        0x4 00
 .text          0x08002830      0x2d4 build/obj/ford_aspire.o
                0x08002970                setFordAspireEngineConfiguration
 *fill*         0x08002b04        0xc 00
 .text          0x08002b10       0x20 build/obj/MiniCooperR50.o
                0x08002b10                setMiniCooperR50
 .text          0x08002b30      0x164 build/obj/ford_escort_gt.o
                0x08002b30                setFordEscortGt
 *fill*         0x08002c94        0xc 00
 .text          0x08002ca0       0x64 build/obj/citroenBerlingoTU3JP.o
                0x08002ca0                setCitroenBerlingoTU3JPConfiguration
 *fill*         0x08002d04        0xc 00
 .text          0x08002d10       0x1c build/obj/saturn_ion.o
                0x08002d10                setSaturnIonEngineConfiguration
 *fill*         0x08002d2c        0x4 00
 .text          0x08002d30     0x1500 build/obj/settings.o
                0x08002db0                printFloatArray
                0x08002e44                getConfigurationName
                0x08002f2c                printConfiguration
                0x08003f5c                initSettings
 .text          0x08004230      0x630 build/obj/engine_controller.o
                0x080043c4                getTimeNowUs
                0x0800459c                getPinNameByAdcChannel
                0x08004778                initEngineContoller
 .text          0x08004860      0x1f8 build/obj/cyclic_buffer.o
                0x08004860                cyclic_buffer::cyclic_buffer()
                0x08004860                cyclic_buffer::cyclic_buffer()
                0x08004894                cyclic_buffer::cyclic_buffer(cyclic_buffer const&)
                0x08004894                cyclic_buffer::cyclic_buffer(cyclic_buffer const&)
                0x080048ec                cyclic_buffer::~cyclic_buffer()
                0x080048ec                cyclic_buffer::~cyclic_buffer()
                0x08004904                cyclic_buffer::operator=(cyclic_buffer const&)
                0x0800495c                cyclic_buffer::add(int)
                0x080049b0                cyclic_buffer::clear()
                0x080049cc                cyclic_buffer::sum(int)
 *fill*         0x08004a58        0x8 00
 .text          0x08004a60      0x204 build/obj/efilib.o
                0x08004a60                indexOf
                0x08004ab8                atoi
                0x08004b68                atoff
 *fill*         0x08004c64        0xc 00
 .text          0x08004c70       0x98 build/obj/efilib2.o
                0x08004c70                Overflow64Counter::Overflow64Counter()
                0x08004c70                Overflow64Counter::Overflow64Counter()
                0x08004c9c                Overflow64Counter::offer(unsigned long)
                0x08004cdc                Overflow64Counter::get()
 *fill*         0x08004d08        0x8 00
 .text          0x08004d10       0x6c build/obj/LocalVersionHolder.o
                0x08004d10                LocalVersionHolder::LocalVersionHolder()
                0x08004d10                LocalVersionHolder::LocalVersionHolder()
                0x08004d30                LocalVersionHolder::getVersion()
                0x08004d48                LocalVersionHolder::isOld()
 *fill*         0x08004d7c        0x4 00
 .text          0x08004d80      0xcc0 build/obj/engine_math.o
                0x08004d80                getOneDegreeTimeMs
                0x08004dc0                getOneDegreeTime
                0x08004dec                getCrankshaftRevolutionTime
                0x08004e18                fixAngle
                0x08004e9c                getEngineLoadT
                0x08004f0c                setSingleCoilDwell
                0x08004fb0                isCrankingRT
                0x08004fe4                initializeIgnitionActions
                0x080052e8                addFuelEvents
                0x080055c0                getSparkDwellMsT
                0x08005654                registerActuatorEventExt
                0x080057f0                cisnan
                0x0800581c                getCylinderId
                0x08005878                prepareOutputSignals
                0x080058e0                setTableBin
                0x0800594c                setFuelRpmBin
                0x08005974                setFuelLoadBin
                0x0800599c                setTimingRpmBin
                0x080059c4                setTimingLoadBin
 .text          0x08005a40      0x364 build/obj/rusefi.o
                0x08005a70                runRusEfi
                0x08005b00                systicks2ms
                0x08005b38                scheduleReset
                0x08005b7c                onFatalError
                0x08005bcc                DebugMonitorVector()
                0x08005bec                UsageFaultVector()
                0x08005c0c                BusFaultVector()
                0x08005c2c                HardFaultVector()
                0x08005c4c                chDbgPanic3
                0x08005cc4                chDbgStackOverflowPanic
                0x08005d1c                firmwareError
                0x08005d90                getRusEfiVersion
 *fill*         0x08005da4        0xc 00
 .text          0x08005db0       0x18 build/obj/main.o
                0x08005db0                main
 *fill*         0x08005dc8        0x8 00
 .text          0x08005dd0      0x370 c:/chibistudio/tools/gnu tools arm embedded/4.7 2013q2/bin/../lib/gcc/arm-none-eabi/4.7.4/armv7e-m\libgcc.a(_arm_addsubdf3.o)
                0x08005dd0                __aeabi_drsub
                0x08005dd8                __aeabi_dsub
                0x08005dd8                __subdf3
                0x08005ddc                __aeabi_dadd
                0x08005ddc                __adddf3
                0x08006054                __floatunsidf
                0x08006054                __aeabi_ui2d
                0x08006074                __floatsidf
                0x08006074                __aeabi_i2d
                0x08006098                __aeabi_f2d
                0x08006098                __extendsfdf2
                0x080060d4                __floatundidf
                0x080060d4                __aeabi_ul2d
                0x080060e4                __floatdidf
                0x080060e4                __aeabi_l2d
 .text          0x08006140      0x424 c:/chibistudio/tools/gnu tools arm embedded/4.7 2013q2/bin/../lib/gcc/arm-none-eabi/4.7.4/armv7e-m\libgcc.a(_arm_muldivdf3.o)
                0x08006140                __aeabi_dmul
                0x08006140                __muldf3
                0x08006394                __divdf3
                0x08006394                __aeabi_ddiv
 *fill*         0x08006564        0xc 00
 .text          0x08006570      0x110 c:/chibistudio/tools/gnu tools arm embedded/4.7 2013q2/bin/../lib/gcc/arm-none-eabi/4.7.4/armv7e-m\libgcc.a(_arm_cmpdf2.o)
                0x08006570                __gtdf2
                0x08006570                __gedf2
                0x08006578                __ltdf2
                0x08006578                __ledf2
                0x08006580                __nedf2
                0x08006580                __eqdf2
                0x08006580                __cmpdf2
                0x080065fc                __aeabi_cdrcmple
                0x0800660c                __aeabi_cdcmpeq
                0x0800660c                __aeabi_cdcmple
                0x0800661c                __aeabi_dcmpeq
                0x08006630                __aeabi_dcmplt
                0x08006644                __aeabi_dcmple
                0x08006658                __aeabi_dcmpge
                0x0800666c                __aeabi_dcmpgt
 .text          0x08006680       0x50 c:/chibistudio/tools/gnu tools arm embedded/4.7 2013q2/bin/../lib/gcc/arm-none-eabi/4.7.4/armv7e-m\libgcc.a(_arm_fixdfsi.o)
                0x08006680                __aeabi_d2iz
                0x08006680                __fixdfsi
 .text          0x080066d0       0xa0 c:/chibistudio/tools/gnu tools arm embedded/4.7 2013q2/bin/../lib/gcc/arm-none-eabi/4.7.4/armv7e-m\libgcc.a(_arm_truncdfsf2.o)
                0x080066d0                __truncdfsf2
                0x080066d0                __aeabi_d2f
 .text          0x08006770      0x21c c:/chibistudio/tools/gnu tools arm embedded/4.7 2013q2/bin/../lib/gcc/arm-none-eabi/4.7.4/armv7e-m\libgcc.a(_arm_addsubsf3.o)
                0x08006770                __aeabi_frsub
                0x08006778                __subsf3
                0x08006778                __aeabi_fsub
                0x0800677c                __aeabi_fadd
                0x0800677c                __addsf3
                0x080068dc                __aeabi_ui2f
                0x080068dc                __floatunsisf
                0x080068e4                __aeabi_i2f
                0x080068e4                __floatsisf
                0x08006900                __aeabi_ul2f
                0x08006900                __floatundisf
                0x08006910                __aeabi_l2f
                0x08006910                __floatdisf
 *fill*         0x0800698c        0x4 00
 .text          0x08006990      0x2a0 c:/chibistudio/tools/gnu tools arm embedded/4.7 2013q2/bin/../lib/gcc/arm-none-eabi/4.7.4/armv7e-m\libgcc.a(_arm_muldivsf3.o)
                0x08006990                __mulsf3
                0x08006990                __aeabi_fmul
                0x08006af8                __aeabi_fdiv
                0x08006af8                __divsf3
 .text          0x08006c30       0xec c:/chibistudio/tools/gnu tools arm embedded/4.7 2013q2/bin/../lib/gcc/arm-none-eabi/4.7.4/armv7e-m\libgcc.a(_arm_cmpsf2.o)
                0x08006c30                __gesf2
                0x08006c30                __gtsf2
                0x08006c38                __lesf2
                0x08006c38                __ltsf2
                0x08006c40                __nesf2
                0x08006c40                __eqsf2
                0x08006c40                __cmpsf2
                0x08006ca0                __aeabi_cfrcmple
                0x08006ca8                __aeabi_cfcmpeq
                0x08006ca8                __aeabi_cfcmple
                0x08006cb8                __aeabi_fcmpeq
                0x08006ccc                __aeabi_fcmplt
                0x08006ce0                __aeabi_fcmple
                0x08006cf4                __aeabi_fcmpge
                0x08006d08                __aeabi_fcmpgt
 *fill*         0x08006d1c        0x4 00
 .text          0x08006d20       0x4c c:/chibistudio/tools/gnu tools arm embedded/4.7 2013q2/bin/../lib/gcc/arm-none-eabi/4.7.4/armv7e-m\libgcc.a(_arm_fixsfsi.o)
                0x08006d20                __aeabi_f2iz
                0x08006d20                __fixsfsi
 *fill*         0x08006d6c        0x4 00
 .text          0x08006d70       0x38 c:/chibistudio/tools/gnu tools arm embedded/4.7 2013q2/bin/../lib/gcc/arm-none-eabi/4.7.4/armv7e-m\libgcc.a(_aeabi_ldivmod.o)
                0x08006d70                __aeabi_ldivmod
 *fill*         0x08006da8        0x8 00
 .text          0x08006db0       0x2c c:/chibistudio/tools/gnu tools arm embedded/4.7 2013q2/bin/../lib/gcc/arm-none-eabi/4.7.4/armv7e-m\libgcc.a(_aeabi_uldivmod.o)
                0x08006db0                __aeabi_uldivmod
 *fill*         0x08006ddc        0x4 00
 .text          0x08006de0       0x2c c:/chibistudio/tools/gnu tools arm embedded/4.7 2013q2/bin/../lib/gcc/arm-none-eabi/4.7.4/armv7e-m\libgcc.a(_fixsfdi.o)
                0x08006de0                __fixsfdi
                0x08006de0                __aeabi_f2lz
 *fill*         0x08006e0c        0x4 00
 .text          0x08006e10       0x34 c:/chibistudio/tools/gnu tools arm embedded/4.7 2013q2/bin/../lib/gcc/arm-none-eabi/4.7.4/armv7e-m\libgcc.a(_fixdfdi.o)
                0x08006e10                __fixdfdi
                0x08006e10                __aeabi_d2lz
 *fill*         0x08006e44        0xc 00
 .text          0x08006e50       0x48 c:/chibistudio/tools/gnu tools arm embedded/4.7 2013q2/bin/../lib/gcc/arm-none-eabi/4.7.4/armv7e-m\libgcc.a(_fixunssfdi.o)
                0x08006e50                __fixunssfdi
                0x08006e50                __aeabi_f2ulz
 *fill*         0x08006e98        0x8 00
 .text          0x08006ea0       0x44 c:/chibistudio/tools/gnu tools arm embedded/4.7 2013q2/bin/../lib/gcc/arm-none-eabi/4.7.4/armv7e-m\libgcc.a(_fixunsdfdi.o)
                0x08006ea0                __fixunsdfdi
                0x08006ea0                __aeabi_d2ulz
 *fill*         0x08006ee4        0xc 00
 .text          0x08006ef0       0x58 c:/chibistudio/tools/gnu tools arm embedded/4.7 2013q2/bin/../lib/gcc/arm-none-eabi/4.7.4/armv7e-m\libgcc.a(bpabi.o)
                0x08006ef0                __gnu_ldivmod_helper
                0x08006f1c                __gnu_uldivmod_helper
 *fill*         0x08006f48        0x8 00
 .text          0x08006f50        0x4 c:/chibistudio/tools/gnu tools arm embedded/4.7 2013q2/bin/../lib/gcc/arm-none-eabi/4.7.4/armv7e-m\libgcc.a(_dvmd_tls.o)
                0x08006f50                __aeabi_idiv0
                0x08006f50                __aeabi_ldiv0
 *fill*         0x08006f54        0xc 00
 .text          0x08006f60       0x40 c:/chibistudio/tools/gnu tools arm embedded/4.7 2013q2/bin/../lib/gcc/arm-none-eabi/4.7.4/armv7e-m\libgcc.a(_arm_fixunsdfsi.o)
                0x08006f60                __aeabi_d2uiz
                0x08006f60                __fixunsdfsi
 .text          0x08006fa0      0x2bc c:/chibistudio/tools/gnu tools arm embedded/4.7 2013q2/bin/../lib/gcc/arm-none-eabi/4.7.4/armv7e-m\libgcc.a(_divdi3.o)
                0x08006fa0                __divdi3
 *fill*         0x0800725c        0x4 00
 .text          0x08007260      0x288 c:/chibistudio/tools/gnu tools arm embedded/4.7 2013q2/bin/../lib/gcc/arm-none-eabi/4.7.4/armv7e-m\libgcc.a(_udivdi3.o)
                0x08007260                __udivdi3
 *(.text.*)
 *fill*         0x080074e8        0x8 00
 .text.__late_init
                0x080074f0       0x10 build/obj/crt0.o
                0x080074f0                __late_init
 .text._default_exit
                0x08007500       0x10 build/obj/crt0.o
                0x08007500                _default_exit
 .text.ResetHandler
                0x08007510      0x130 build/obj/crt0.o
                0x08007510                ResetHandler
 .text._unhandled_exception
                0x08007640       0x10 build/obj/vectors.o
                0x08007640                Vector58
                0x08007640                VectorE8
                0x08007640                Vector9C
                0x08007640                Vector5C
                0x08007640                NMIVector
                0x08007640                Vector11C
                0x08007640                Vector168
                0x08007640                Vector110
                0x08007640                VectorC8
                0x08007640                VectorA8
                0x08007640                Vector160
                0x08007640                VectorEC
                0x08007640                UsageFaultVector
                0x08007640                DebugMonitorVector
                0x08007640                Vector40
                0x08007640                PendSVVector
                0x08007640                Vector118
                0x08007640                Vector64
                0x08007640                VectorCC
                0x08007640                Vector54
                0x08007640                Vector138
                0x08007640                Vector24
                0x08007640                Vector178
                0x08007640                BusFaultVector
                0x08007640                VectorD0
                0x08007640                VectorE4
                0x08007640                HardFaultVector
                0x08007640                Vector134
                0x08007640                Vector100
                0x08007640                VectorE0
                0x08007640                VectorF4
                0x08007640                MemManageVector
                0x08007640                VectorC4
                0x08007640                Vector180
                0x08007640                Vector114
                0x08007640                Vector164
                0x08007640                Vector60
                0x08007640                Vector1C
                0x08007640                Vector17C
                0x08007640                Vector48
                0x08007640                Vector16C
                0x08007640                Vector4C
                0x08007640                Vector15C
                0x08007640                Vector68
                0x08007640                _unhandled_exception
                0x08007640                Vector170
                0x08007640                Vector104
                0x08007640                Vector184
                0x08007640                Vector10C
                0x08007640                Vector50
                0x08007640                Vector44
                0x08007640                Vector28
                0x08007640                Vector34
                0x08007640                Vector20
                0x08007640                Vector174
 .text.port_halt
                0x08007650       0x10 build/obj/chcore.o
                0x08007650                port_halt
 .text.SysTickVector
                0x08007660       0x30 build/obj/chcore_v7m.o
                0x08007660                SysTickVector
 .text.SVCallVector
                0x08007690       0x50 build/obj/chcore_v7m.o
                0x08007690                SVCallVector
 .text._port_init
                0x080076e0       0x50 build/obj/chcore_v7m.o
                0x080076e0                _port_init
 .text._port_irq_epilogue
                0x08007730       0xf0 build/obj/chcore_v7m.o
                0x08007730                _port_irq_epilogue
 .text._port_switch_from_isr
                0x08007820       0x10 build/obj/chcore_v7m.o
                0x08007820                _port_switch_from_isr
 .text._port_switch
                0x08007830       0x20 build/obj/chcore_v7m.o
                0x08007830                _port_switch
 .text._port_thread_start
                0x08007850       0x20 build/obj/chcore_v7m.o
                0x08007850                _port_thread_start
 .text.nvicEnableVector
                0x08007870       0xb0 build/obj/nvic.o
                0x08007870                nvicEnableVector
 .text.nvicDisableVector
                0x08007920       0x80 build/obj/nvic.o
                0x08007920                nvicDisableVector
 .text.nvicSetSystemHandlerPriority
                0x080079a0       0x60 build/obj/nvic.o
                0x080079a0                nvicSetSystemHandlerPriority
 .text._idle_thread
                0x08007a00       0x20 build/obj/chsys.o
                0x08007a00                _idle_thread
 .text.chSysInit
                0x08007a20       0xb0 build/obj/chsys.o
                0x08007a20                chSysInit
 .text.chSysTimerHandlerI
                0x08007ad0       0xf0 build/obj/chsys.o
                0x08007ad0                chSysTimerHandlerI
 .text.dbg_check_enable
                0x08007bc0       0x30 build/obj/chdebug.o
                0x08007bc0                dbg_check_enable
 .text.dbg_check_lock
                0x08007bf0       0x40 build/obj/chdebug.o
                0x08007bf0                dbg_check_lock
 .text.dbg_check_unlock
                0x08007c30       0x40 build/obj/chdebug.o
                0x08007c30                dbg_check_unlock
 .text.dbg_check_lock_from_isr
                0x08007c70       0x40 build/obj/chdebug.o
                0x08007c70                dbg_check_lock_from_isr
 .text.dbg_check_unlock_from_isr
                0x08007cb0       0x40 build/obj/chdebug.o
                0x08007cb0                dbg_check_unlock_from_isr
 .text.dbg_check_enter_isr
                0x08007cf0       0x60 build/obj/chdebug.o
                0x08007cf0                dbg_check_enter_isr
 .text.dbg_check_leave_isr
                0x08007d50       0x60 build/obj/chdebug.o
                0x08007d50                dbg_check_leave_isr
 .text.chDbgCheckClassI
                0x08007db0       0x30 build/obj/chdebug.o
                0x08007db0                chDbgCheckClassI
 .text.chDbgCheckClassS
                0x08007de0       0x30 build/obj/chdebug.o
                0x08007de0                chDbgCheckClassS
 .text.chDbgPanic
                0x08007e10       0x20 build/obj/chdebug.o
                0x08007e10                chDbgPanic
 .text._vt_init
                0x08007e30       0x50 build/obj/chvt.o
                0x08007e30                _vt_init
 .text.chVTSetI
                0x08007e80       0xc0 build/obj/chvt.o
                0x08007e80                chVTSetI
 .text.chVTResetI
                0x08007f40       0x80 build/obj/chvt.o
                0x08007f40                chVTResetI
 .text.fifo_remove
                0x08007fc0       0x30 build/obj/chschd.o
 .text.dequeue  0x08007ff0       0x20 build/obj/chschd.o
 .text._scheduler_init
                0x08008010       0x60 build/obj/chschd.o
                0x08008010                _scheduler_init
 .text.chSchReadyI
                0x08008070       0x80 build/obj/chschd.o
                0x08008070                chSchReadyI
 .text.chSchGoSleepS
                0x080080f0       0x90 build/obj/chschd.o
                0x080080f0                chSchGoSleepS
 .text.wakeup   0x08008180       0xa0 build/obj/chschd.o
 .text.chSchGoSleepTimeoutS
                0x08008220       0x70 build/obj/chschd.o
                0x08008220                chSchGoSleepTimeoutS
 .text.chSchWakeupS
                0x08008290       0x80 build/obj/chschd.o
                0x08008290                chSchWakeupS
 .text.chSchRescheduleS
                0x08008310       0x30 build/obj/chschd.o
                0x08008310                chSchRescheduleS
 .text.chSchDoRescheduleBehind
                0x08008340       0x80 build/obj/chschd.o
                0x08008340                chSchDoRescheduleBehind
 .text.chSchDoRescheduleAhead
                0x080083c0       0xb0 build/obj/chschd.o
                0x080083c0                chSchDoRescheduleAhead
 .text.chSchDoReschedule
                0x08008470       0x20 build/obj/chschd.o
                0x08008470                chSchDoReschedule
 .text.list_remove
                0x08008490       0x20 build/obj/chthreads.o
 .text._thread_init
                0x080084b0       0xc0 build/obj/chthreads.o
                0x080084b0                _thread_init
 .text.chThdCreateI
                0x08008570       0x90 build/obj/chthreads.o
                0x08008570                chThdCreateI
 .text.chThdCreateStatic
                0x08008600       0x50 build/obj/chthreads.o
                0x08008600                chThdCreateStatic
 .text.chThdSleep
                0x08008650       0x50 build/obj/chthreads.o
                0x08008650                chThdSleep
 .text.chThdExit
                0x080086a0       0x20 build/obj/chthreads.o
                0x080086a0                chThdExit
 .text.chThdExitS
                0x080086c0       0x80 build/obj/chthreads.o
                0x080086c0                chThdExitS
 .text.chThdRelease
                0x08008740       0xc0 build/obj/chdynamic.o
                0x08008740                chThdRelease
 .text.chRegFirstThread
                0x08008800       0x50 build/obj/chregistry.o
                0x08008800                chRegFirstThread
 .text.chRegNextThread
                0x08008850       0x70 build/obj/chregistry.o
                0x08008850                chRegNextThread
 .text.fifo_remove
                0x080088c0       0x30 build/obj/chsem.o
 .text.chSemInit
                0x080088f0       0x50 build/obj/chsem.o
                0x080088f0                chSemInit
 .text.chSemSignalI
                0x08008940       0x90 build/obj/chsem.o
                0x08008940                chSemSignalI
 .text.prio_insert
                0x080089d0       0x50 build/obj/chmtx.o
 .text.fifo_remove
                0x08008a20       0x30 build/obj/chmtx.o
 .text.dequeue  0x08008a50       0x20 build/obj/chmtx.o
 .text.chMtxInit
                0x08008a70       0x40 build/obj/chmtx.o
                0x08008a70                chMtxInit
 .text.chMtxLock
                0x08008ab0       0x30 build/obj/chmtx.o
                0x08008ab0                chMtxLock
 .text.chMtxLockS
                0x08008ae0      0x120 build/obj/chmtx.o
                0x08008ae0                chMtxLockS
 .text.chMtxUnlock
                0x08008c00       0xf0 build/obj/chmtx.o
                0x08008c00                chMtxUnlock
 .text.chEvtBroadcastFlagsI
                0x08008cf0       0x60 build/obj/chevents.o
                0x08008cf0                chEvtBroadcastFlagsI
 .text.chEvtSignalI
                0x08008d50       0x80 build/obj/chevents.o
                0x08008d50                chEvtSignalI
 .text.queue_insert
                0x08008dd0       0x30 build/obj/chqueues.o
 .text.fifo_remove
                0x08008e00       0x30 build/obj/chqueues.o
 .text.qwait    0x08008e30       0x50 build/obj/chqueues.o
 .text.chIQInit
                0x08008e80       0x50 build/obj/chqueues.o
                0x08008e80                chIQInit
 .text.chIQResetI
                0x08008ed0       0x50 build/obj/chqueues.o
                0x08008ed0                chIQResetI
 .text.chIQPutI
                0x08008f20       0xa0 build/obj/chqueues.o
                0x08008f20                chIQPutI
 .text.chIQGetTimeout
                0x08008fc0       0xa0 build/obj/chqueues.o
                0x08008fc0                chIQGetTimeout
 .text.chIQReadTimeout
                0x08009060       0xf0 build/obj/chqueues.o
                0x08009060                chIQReadTimeout
 .text.chOQInit
                0x08009150       0x50 build/obj/chqueues.o
                0x08009150                chOQInit
 .text.chOQResetI
                0x080091a0       0x60 build/obj/chqueues.o
                0x080091a0                chOQResetI
 .text.chOQPutTimeout
                0x08009200       0xa0 build/obj/chqueues.o
                0x08009200                chOQPutTimeout
 .text.chOQGetI
                0x080092a0       0xa0 build/obj/chqueues.o
                0x080092a0                chOQGetI
 .text.chOQWriteTimeout
                0x08009340       0xf0 build/obj/chqueues.o
                0x08009340                chOQWriteTimeout
 .text._core_init
                0x08009430       0x40 build/obj/chmemcore.o
                0x08009430                _core_init
 .text.chCoreAlloc
                0x08009470       0x30 build/obj/chmemcore.o
                0x08009470                chCoreAlloc
 .text.chCoreAllocI
                0x080094a0       0x70 build/obj/chmemcore.o
                0x080094a0                chCoreAllocI
 .text._heap_init
                0x08009510       0x40 build/obj/chheap.o
                0x08009510                _heap_init
 .text.chHeapAlloc
                0x08009550      0x100 build/obj/chheap.o
                0x08009550                chHeapAlloc
 .text.chHeapFree
                0x08009650      0x120 build/obj/chheap.o
                0x08009650                chHeapFree
 .text.chPoolFreeI
                0x08009770       0x50 build/obj/chmempools.o
                0x08009770                chPoolFreeI
 .text.chPoolFree
                0x080097c0       0x30 build/obj/chmempools.o
                0x080097c0                chPoolFree
 .text.long_to_string_with_divisor
                0x080097f0       0xc0 build/obj/chprintf.o
 .text.ltoa     0x080098b0       0x20 build/obj/chprintf.o
 .text.ftoa     0x080098d0      0x130 build/obj/chprintf.o
                0x080098d0                ftoa
 .text.chvprintf
                0x08009a00      0x4e0 build/obj/chprintf.o
                0x08009a00                chvprintf
 .text.writes   0x08009ee0       0x60 build/obj/memstreams.o
 .text.reads    0x08009f40       0x60 build/obj/memstreams.o
 .text.put      0x08009fa0       0x50 build/obj/memstreams.o
 .text.get      0x08009ff0       0x40 build/obj/memstreams.o
 .text.msObjectInit
                0x0800a030       0x40 build/obj/memstreams.o
                0x0800a030                msObjectInit
 .text.stm32_rtc_bcd2tm
                0x0800a070      0x1f0 build/obj/chrtclib.o
 .text.stm32_rtc_tm2bcd
                0x0800a260      0x270 build/obj/chrtclib.o
 .text.rtcGetTimeTm
                0x0800a4d0       0x40 build/obj/chrtclib.o
                0x0800a4d0                rtcGetTimeTm
 .text.rtcSetTimeTm
                0x0800a510       0x40 build/obj/chrtclib.o
                0x0800a510                rtcSetTimeTm
 .text.rtcGetTimeUnixSec
                0x0800a550       0x50 build/obj/chrtclib.o
                0x0800a550                rtcGetTimeUnixSec
 .text.rtcSetTimeUnixSec
                0x0800a5a0       0x50 build/obj/chrtclib.o
                0x0800a5a0                rtcSetTimeUnixSec
 .text.registerCallback
                0x0800a5f0       0x60 build/obj/listener_array.o
                0x0800a5f0                registerCallback
 .text.invokeJustArgCallbacks
                0x0800a650       0x50 build/obj/listener_array.o
                0x0800a650                invokeJustArgCallbacks
 .text.invokeIntIntCallbacks
                0x0800a6a0       0x40 build/obj/listener_array.o
                0x0800a6a0                invokeIntIntCallbacks
 .text.calc_crc
                0x0800a6e0       0x90 build/obj/crc.o
                0x0800a6e0                calc_crc
 .text.initHistogramsModule
                0x0800a770      0x180 build/obj/histogram.o
                0x0800a770                initHistogramsModule
 .text.histogramGetIndex
                0x0800a8f0      0x100 build/obj/histogram.o
                0x0800a8f0                histogramGetIndex
 .text.initHistogram
                0x0800a9f0       0x60 build/obj/histogram.o
                0x0800a9f0                initHistogram
 .text.hsAdd    0x0800aa50       0x90 build/obj/histogram.o
                0x0800aa50                hsAdd
 .text.hsReport
                0x0800aae0      0x3c0 build/obj/histogram.o
                0x0800aae0                hsReport
 .text.resetConsoleActions
                0x0800aea0       0x10 build/obj/eficonsole_logic.o
                0x0800aea0                resetConsoleActions
 .text.doAddAction
                0x0800aeb0       0x80 build/obj/eficonsole_logic.o
 .text.addConsoleAction
                0x0800af30       0x20 build/obj/eficonsole_logic.o
                0x0800af30                addConsoleAction
 .text.addConsoleActionI
                0x0800af50       0x20 build/obj/eficonsole_logic.o
                0x0800af50                addConsoleActionI
 .text.addConsoleActionII
                0x0800af70       0x20 build/obj/eficonsole_logic.o
                0x0800af70                addConsoleActionII
 .text.addConsoleActionS
                0x0800af90       0x20 build/obj/eficonsole_logic.o
                0x0800af90                addConsoleActionS
 .text.addConsoleActionSSS
                0x0800afb0       0x20 build/obj/eficonsole_logic.o
                0x0800afb0                addConsoleActionSSS
 .text.addConsoleActionF
                0x0800afd0       0x20 build/obj/eficonsole_logic.o
                0x0800afd0                addConsoleActionF
 .text.helpCommand
                0x0800aff0       0x80 build/obj/eficonsole_logic.o
                0x0800aff0                helpCommand
 .text.echo     0x0800b070       0x20 build/obj/eficonsole_logic.o
 .text.handleActionWithParameter
                0x0800b090      0x160 build/obj/eficonsole_logic.o
                0x0800b090                handleActionWithParameter
 .text.tokenLength
                0x0800b1f0       0x40 build/obj/eficonsole_logic.o
                0x0800b1f0                tokenLength
 .text.strEqual
                0x0800b230       0x70 build/obj/eficonsole_logic.o
                0x0800b230                strEqual
 .text.initConsoleLogic
                0x0800b2a0       0x50 build/obj/eficonsole_logic.o
                0x0800b2a0                initConsoleLogic
 .text.validateSecureLine
                0x0800b2f0       0xc0 build/obj/eficonsole_logic.o
                0x0800b2f0                validateSecureLine
 .text.handleConsoleLineInternal
                0x0800b3b0       0xf0 build/obj/eficonsole_logic.o
 .text.handleConsoleLine
                0x0800b4a0       0xc0 build/obj/eficonsole_logic.o
                0x0800b4a0                handleConsoleLine
 .text.setDodgeNeonEngineConfiguration
                0x0800b560      0x1e0 build/obj/dodge_neon.o
                0x0800b560                setDodgeNeonEngineConfiguration
 .text.setFordFiestaDefaultEngineConfiguration
                0x0800b740       0x50 build/obj/ford_fiesta.o
                0x0800b740                setFordFiestaDefaultEngineConfiguration
 .text.setFordInline6
                0x0800b790      0x1e0 build/obj/ford_1995_inline_6.o
                0x0800b790                setFordInline6
 .text.setNissanPrimeraEngineConfiguration
                0x0800b970       0x20 build/obj/nissan_primera.o
                0x0800b970                setNissanPrimeraEngineConfiguration
 .text.setMazdaMiataNbEngineConfiguration
                0x0800b990      0x230 build/obj/mazda_miata_nb.o
                0x0800b990                setMazdaMiataNbEngineConfiguration
 .text.setHondaAccordConfiguration
                0x0800bbc0       0x20 build/obj/honda_accord.o
                0x0800bbc0                setHondaAccordConfiguration
 .text.setGy6139qmbDefaultEngineConfiguration
                0x0800bbe0       0xa0 build/obj/GY6_139QMB.o
                0x0800bbe0                setGy6139qmbDefaultEngineConfiguration
 .text.setMazda323EngineConfiguration
                0x0800bc80       0x40 build/obj/mazda_323.o
                0x0800bc80                setMazda323EngineConfiguration
 .text.fatal3   0x0800bcc0       0x30 build/obj/eficonsole.o
                0x0800bcc0                fatal3
 .text.myfatal  0x0800bcf0       0x20 build/obj/eficonsole.o
 .text.sayHello
                0x0800bd10      0x260 build/obj/eficonsole.o
 .text.cmd_threads
                0x0800bf70       0x80 build/obj/eficonsole.o
 .text.sendOutConfirmation
                0x0800bff0       0x30 build/obj/eficonsole.o
                0x0800bff0                sendOutConfirmation
 .text.print    0x0800c020       0x30 build/obj/eficonsole.o
                0x0800c020                print
 .text.initializeConsole
                0x0800c050       0x70 build/obj/eficonsole.o
                0x0800c050                initializeConsole
 .text.getConsoleLine
                0x0800c0c0      0x100 build/obj/console_io.o
 .text.consoleThreadThreadEntryPoint
                0x0800c1c0       0x60 build/obj/console_io.o
 .text.consolePutChar
                0x0800c220       0x30 build/obj/console_io.o
                0x0800c220                consolePutChar
 .text.consoleOutputBuffer
                0x0800c250       0x30 build/obj/console_io.o
                0x0800c250                consoleOutputBuffer
 .text.startChibiosConsole
                0x0800c280       0x40 build/obj/console_io.o
                0x0800c280                startChibiosConsole
 .text.lockAnyContext
                0x0800c2c0       0x30 build/obj/console_io.o
                0x0800c2c0                lockAnyContext
 .text.lockOutputBuffer
                0x0800c2f0       0x10 build/obj/console_io.o
                0x0800c2f0                lockOutputBuffer
 .text.unlockAnyContext
                0x0800c300       0x30 build/obj/console_io.o
                0x0800c300                unlockAnyContext
 .text.unlockOutputBuffer
                0x0800c330       0x10 build/obj/console_io.o
                0x0800c330                unlockOutputBuffer
 .text.setWarningEnabled
                0x0800c340       0x20 build/obj/status_loop.o
 .text.reportSensorF
                0x0800c360       0x40 build/obj/status_loop.o
 .text.reportSensorI
                0x0800c3a0       0x30 build/obj/status_loop.o
 .text.boolean2string
                0x0800c3d0       0x30 build/obj/status_loop.o
 .text.finishStatusLine
                0x0800c400       0x10 build/obj/status_loop.o
                0x0800c400                finishStatusLine
 .text.printSensors
                0x0800c410      0x190 build/obj/status_loop.o
                0x0800c410                printSensors
 .text.printState
                0x0800c5a0       0xd0 build/obj/status_loop.o
                0x0800c5a0                printState
 .text.printStatus
                0x0800c670       0x10 build/obj/status_loop.o
 .text.onDbgPanic
                0x0800c680       0x10 build/obj/status_loop.o
                0x0800c680                onDbgPanic
 .text.hasFatalError
                0x0800c690       0x20 build/obj/status_loop.o
                0x0800c690                hasFatalError
 .text.checkIfShouldHalt
                0x0800c6b0       0x60 build/obj/status_loop.o
 .text.printVersion
                0x0800c710       0x80 build/obj/status_loop.o
 .text.updateDevConsoleState
                0x0800c790       0xe0 build/obj/status_loop.o
                0x0800c790                updateDevConsoleState
 .text.showFuelMap
                0x0800c870      0x100 build/obj/status_loop.o
 .text.updateHD44780lcd
                0x0800c970       0xf0 build/obj/status_loop.o
                0x0800c970                updateHD44780lcd
 .text.lcdThread
                0x0800ca60       0x30 build/obj/status_loop.o
 .text.tsStatusThread
                0x0800ca90       0x30 build/obj/status_loop.o
 .text.initStatusLoop
                0x0800cac0       0xb0 build/obj/status_loop.o
                0x0800cac0                initStatusLoop
 .text.startStatusThreads
                0x0800cb70       0x50 build/obj/status_loop.o
                0x0800cb70                startStatusThreads
 .text.setFullLog
                0x0800cbc0       0x50 build/obj/status_loop.o
                0x0800cbc0                setFullLog
 .text.getFullLog
                0x0800cc10       0x10 build/obj/status_loop.o
                0x0800cc10                getFullLog
 .text.tunerStudioHandleCommand
                0x0800cc20       0xb0 build/obj/tunerstudio_algo.o
                0x0800cc20                tunerStudioHandleCommand
 .text.handleQueryCommand
                0x0800ccd0       0x40 build/obj/tunerstudio_algo.o
                0x0800ccd0                handleQueryCommand
 .text.handleOutputChannelsCommand
                0x0800cd10       0x30 build/obj/tunerstudio_algo.o
                0x0800cd10                handleOutputChannelsCommand
 .text.handleTestCommand
                0x0800cd40       0x20 build/obj/tunerstudio_algo.o
                0x0800cd40                handleTestCommand
 .text.printStats
                0x0800cd60      0x160 build/obj/tunerstudio.o
 .text.tunerStudioWriteData
                0x0800cec0       0x30 build/obj/tunerstudio.o
                0x0800cec0                tunerStudioWriteData
 .text.tunerStudioDebug
                0x0800cef0       0x30 build/obj/tunerstudio.o
                0x0800cef0                tunerStudioDebug
 .text.getWorkingPageAddr
                0x0800cf20       0x30 build/obj/tunerstudio.o
                0x0800cf20                getWorkingPageAddr
 .text.getTunerStudioPageSize
                0x0800cf50       0x30 build/obj/tunerstudio.o
                0x0800cf50                getTunerStudioPageSize
 .text.handleValueWriteCommand
                0x0800cf80       0xf0 build/obj/tunerstudio.o
                0x0800cf80                handleValueWriteCommand
 .text.handlePageReadCommand
                0x0800d070       0xd0 build/obj/tunerstudio.o
                0x0800d070                handlePageReadCommand
 .text.handleBurnCommand
                0x0800d140      0x110 build/obj/tunerstudio.o
                0x0800d140                handleBurnCommand
 .text.tsThreadEntryPoint
                0x0800d250       0xc0 build/obj/tunerstudio.o
 .text.syncTunerStudioCopy
                0x0800d310       0x30 build/obj/tunerstudio.o
                0x0800d310                syncTunerStudioCopy
 .text.startTunerStudioConnectivity
                0x0800d340       0xb0 build/obj/tunerstudio.o
                0x0800d340                startTunerStudioConnectivity
 .text.updateTunerStudioState
                0x0800d3f0       0xc0 build/obj/tunerstudio.o
                0x0800d3f0                updateTunerStudioState
 .text.validateBuffer
                0x0800d4b0      0x140 build/obj/datalogging.o
 .text.append   0x0800d5f0       0x70 build/obj/datalogging.o
                0x0800d5f0                append
 .text.vappendPrintfI
                0x0800d660       0x60 build/obj/datalogging.o
 .text.vappendPrintf
                0x0800d6c0       0xd0 build/obj/datalogging.o
                0x0800d6c0                vappendPrintf
 .text.appendPrintf
                0x0800d790       0x20 build/obj/datalogging.o
                0x0800d790                appendPrintf
 .text.getCaption
                0x0800d7b0       0xb0 build/obj/datalogging.o
                0x0800d7b0                getCaption
 .text.initLoggingExt
                0x0800d860       0x50 build/obj/datalogging.o
                0x0800d860                initLoggingExt
 .text.initLogging
                0x0800d8b0       0x20 build/obj/datalogging.o
                0x0800d8b0                initLogging
 .text.debugInt
                0x0800d8d0       0x40 build/obj/datalogging.o
                0x0800d8d0                debugInt
 .text.appendFloat
                0x0800d910       0xf0 build/obj/datalogging.o
                0x0800d910                appendFloat
 .text.debugFloat
                0x0800da00       0x40 build/obj/datalogging.o
                0x0800da00                debugFloat
 .text.printWithLength
                0x0800da40       0xe0 build/obj/datalogging.o
 .text.printLine
                0x0800db20       0x20 build/obj/datalogging.o
                0x0800db20                printLine
 .text.appendMsgPrefix
                0x0800db40       0x20 build/obj/datalogging.o
                0x0800db40                appendMsgPrefix
 .text.appendMsgPostfix
                0x0800db60       0x20 build/obj/datalogging.o
                0x0800db60                appendMsgPostfix
 .text.resetLogging
                0x0800db80       0x40 build/obj/datalogging.o
                0x0800db80                resetLogging
 .text.printMsg
                0x0800dbc0       0x40 build/obj/datalogging.o
                0x0800dbc0                printMsg
 .text.scheduleMsg
                0x0800dc00       0x40 build/obj/datalogging.o
                0x0800dc00                scheduleMsg
 .text.scheduleIntValue
                0x0800dc40       0x50 build/obj/datalogging.o
                0x0800dc40                scheduleIntValue
 .text.scheduleLogging
                0x0800dc90       0x70 build/obj/datalogging.o
                0x0800dc90                scheduleLogging
 .text.loggingSize
                0x0800dd00       0x20 build/obj/datalogging.o
                0x0800dd00                loggingSize
 .text.printPending
                0x0800dd20       0x50 build/obj/datalogging.o
                0x0800dd20                printPending
 .text.initIntermediateLoggingBuffer
                0x0800dd70       0x30 build/obj/datalogging.o
                0x0800dd70                initIntermediateLoggingBuffer
 .text.ltoa_internal
                0x0800dda0       0xa0 build/obj/rfiutil.o
 .text.itoa_signed
                0x0800de40       0x60 build/obj/rfiutil.o
 .text.itoa10   0x0800dea0       0x20 build/obj/rfiutil.o
                0x0800dea0                itoa10
 .text.isIsrContext
                0x0800dec0       0x20 build/obj/rfiutil.o
                0x0800dec0                isIsrContext
 .text.chVTSetAny
                0x0800dee0       0x80 build/obj/rfiutil.o
                0x0800dee0                chVTSetAny
 .text.printHistogram
                0x0800df60       0x90 build/obj/rfiutil.o
                0x0800df60                printHistogram
 .text.halInit  0x0800dff0       0x50 build/obj/hal.o
                0x0800dff0                halInit
 .text.halIsCounterWithin
                0x0800e040       0x70 build/obj/hal.o
                0x0800e040                halIsCounterWithin
 .text.halPolledDelay
                0x0800e0b0       0x30 build/obj/hal.o
                0x0800e0b0                halPolledDelay
 .text.adcInit  0x0800e0e0       0x10 build/obj/adc.o
                0x0800e0e0                adcInit
 .text.adcObjectInit
                0x0800e0f0       0x50 build/obj/adc.o
                0x0800e0f0                adcObjectInit
 .text.adcStart
                0x0800e140       0x80 build/obj/adc.o
                0x0800e140                adcStart
 .text.adcStartConversionI
                0x0800e1c0       0xa0 build/obj/adc.o
                0x0800e1c0                adcStartConversionI
 .text.canInit  0x0800e260       0x10 build/obj/can.o
                0x0800e260                canInit
 .text.canObjectInit
                0x0800e270       0x70 build/obj/can.o
                0x0800e270                canObjectInit
 .text.i2cInit  0x0800e2e0       0x10 build/obj/i2c.o
                0x0800e2e0                i2cInit
 .text.i2cObjectInit
                0x0800e2f0       0x30 build/obj/i2c.o
                0x0800e2f0                i2cObjectInit
 .text.i2cMasterTransmitTimeout
                0x0800e320       0xe0 build/obj/i2c.o
                0x0800e320                i2cMasterTransmitTimeout
 .text.i2cAcquireBus
                0x0800e400       0x40 build/obj/i2c.o
                0x0800e400                i2cAcquireBus
 .text.i2cReleaseBus
                0x0800e440       0x30 build/obj/i2c.o
                0x0800e440                i2cReleaseBus
 .text.icuInit  0x0800e470       0x10 build/obj/icu.o
                0x0800e470                icuInit
 .text.icuObjectInit
                0x0800e480       0x20 build/obj/icu.o
                0x0800e480                icuObjectInit
 .text.icuStart
                0x0800e4a0       0x80 build/obj/icu.o
                0x0800e4a0                icuStart
 .text.icuStop  0x0800e520       0x70 build/obj/icu.o
                0x0800e520                icuStop
 .text.icuEnable
                0x0800e590       0x70 build/obj/icu.o
                0x0800e590                icuEnable
 .text.icuDisable
                0x0800e600       0x80 build/obj/icu.o
                0x0800e600                icuDisable
 .text.mmc_read
                0x0800e680       0x70 build/obj/mmc_spi.o
 .text.mmc_write
                0x0800e6f0       0x70 build/obj/mmc_spi.o
 .text.crc7     0x0800e760       0x60 build/obj/mmc_spi.o
 .text.wait     0x0800e7c0       0x70 build/obj/mmc_spi.o
 .text.send_hdr
                0x0800e830       0x90 build/obj/mmc_spi.o
 .text.recvr1   0x0800e8c0       0x50 build/obj/mmc_spi.o
 .text.recvr3   0x0800e910       0x30 build/obj/mmc_spi.o
 .text.send_command_R1
                0x0800e940       0x50 build/obj/mmc_spi.o
 .text.send_command_R3
                0x0800e990       0x50 build/obj/mmc_spi.o
 .text.read_CxD
                0x0800e9e0      0x120 build/obj/mmc_spi.o
 .text.sync     0x0800eb00       0x50 build/obj/mmc_spi.o
 .text.mmcInit  0x0800eb50       0x10 build/obj/mmc_spi.o
                0x0800eb50                mmcInit
 .text.mmcObjectInit
                0x0800eb60       0x30 build/obj/mmc_spi.o
                0x0800eb60                mmcObjectInit
 .text.mmcStart
                0x0800eb90       0x60 build/obj/mmc_spi.o
                0x0800eb90                mmcStart
 .text.mmcStop  0x0800ebf0       0x60 build/obj/mmc_spi.o
                0x0800ebf0                mmcStop
 .text.mmcConnect
                0x0800ec50      0x230 build/obj/mmc_spi.o
                0x0800ec50                mmcConnect
 .text.mmcDisconnect
                0x0800ee80       0xc0 build/obj/mmc_spi.o
                0x0800ee80                mmcDisconnect
 .text.mmcStartSequentialRead
                0x0800ef40       0xc0 build/obj/mmc_spi.o
                0x0800ef40                mmcStartSequentialRead
 .text.mmcSequentialRead
                0x0800f000       0xc0 build/obj/mmc_spi.o
                0x0800f000                mmcSequentialRead
 .text.mmcStopSequentialRead
                0x0800f0c0       0x70 build/obj/mmc_spi.o
                0x0800f0c0                mmcStopSequentialRead
 .text.mmcStartSequentialWrite
                0x0800f130       0xc0 build/obj/mmc_spi.o
                0x0800f130                mmcStartSequentialWrite
 .text.mmcSequentialWrite
                0x0800f1f0       0xd0 build/obj/mmc_spi.o
                0x0800f1f0                mmcSequentialWrite
 .text.mmcStopSequentialWrite
                0x0800f2c0       0x70 build/obj/mmc_spi.o
                0x0800f2c0                mmcStopSequentialWrite
 .text.mmcSync  0x0800f330       0x70 build/obj/mmc_spi.o
                0x0800f330                mmcSync
 .text.mmcGetInfo
                0x0800f3a0       0x60 build/obj/mmc_spi.o
                0x0800f3a0                mmcGetInfo
 .text.mmcsd_get_slice
                0x0800f400       0xc0 build/obj/mmcsd.o
 .text.mmcsdGetCapacity
                0x0800f4c0       0x90 build/obj/mmcsd.o
                0x0800f4c0                mmcsdGetCapacity
 .text.pwmInit  0x0800f550       0x10 build/obj/pwm.o
                0x0800f550                pwmInit
 .text.pwmObjectInit
                0x0800f560       0x20 build/obj/pwm.o
                0x0800f560                pwmObjectInit
 .text.pwmStart
                0x0800f580       0x80 build/obj/pwm.o
                0x0800f580                pwmStart
 .text.rtcInit  0x0800f600       0x10 build/obj/rtc.o
                0x0800f600                rtcInit
 .text.rtcSetTime
                0x0800f610       0x50 build/obj/rtc.o
                0x0800f610                rtcSetTime
 .text.rtcGetTime
                0x0800f660       0x50 build/obj/rtc.o
                0x0800f660                rtcGetTime
 .text.rtcGetTimeFat
                0x0800f6b0       0x40 build/obj/rtc.o
                0x0800f6b0                rtcGetTimeFat
 .text.write    0x0800f6f0       0x30 build/obj/serial.o
 .text.read     0x0800f720       0x30 build/obj/serial.o
 .text.put      0x0800f750       0x30 build/obj/serial.o
 .text.get      0x0800f780       0x20 build/obj/serial.o
 .text.putt     0x0800f7a0       0x30 build/obj/serial.o
 .text.gett     0x0800f7d0       0x20 build/obj/serial.o
 .text.writet   0x0800f7f0       0x30 build/obj/serial.o
 .text.readt    0x0800f820       0x30 build/obj/serial.o
 .text.sdInit   0x0800f850       0x10 build/obj/serial.o
                0x0800f850                sdInit
 .text.sdObjectInit
                0x0800f860       0x70 build/obj/serial.o
                0x0800f860                sdObjectInit
 .text.sdStart  0x0800f8d0       0x70 build/obj/serial.o
                0x0800f8d0                sdStart
 .text.sdIncomingDataI
                0x0800f940       0x80 build/obj/serial.o
                0x0800f940                sdIncomingDataI
 .text.write    0x0800f9c0       0x30 build/obj/serial_usb.o
 .text.read     0x0800f9f0       0x30 build/obj/serial_usb.o
 .text.put      0x0800fa20       0x30 build/obj/serial_usb.o
 .text.get      0x0800fa50       0x20 build/obj/serial_usb.o
 .text.putt     0x0800fa70       0x30 build/obj/serial_usb.o
 .text.gett     0x0800faa0       0x20 build/obj/serial_usb.o
 .text.writet   0x0800fac0       0x30 build/obj/serial_usb.o
 .text.readt    0x0800faf0       0x30 build/obj/serial_usb.o
 .text.inotify  0x0800fb20       0xf0 build/obj/serial_usb.o
 .text.onotify  0x0800fc10       0xc0 build/obj/serial_usb.o
 .text.sduInit  0x0800fcd0       0x10 build/obj/serial_usb.o
                0x0800fcd0                sduInit
 .text.sduObjectInit
                0x0800fce0       0x70 build/obj/serial_usb.o
                0x0800fce0                sduObjectInit
 .text.sduStart
                0x0800fd50       0xc0 build/obj/serial_usb.o
                0x0800fd50                sduStart
 .text.sduConfigureHookI
                0x0800fe10       0x80 build/obj/serial_usb.o
                0x0800fe10                sduConfigureHookI
 .text.sduRequestsHook
                0x0800fe90       0xa0 build/obj/serial_usb.o
                0x0800fe90                sduRequestsHook
 .text.sduDataTransmitted
                0x0800ff30      0x140 build/obj/serial_usb.o
                0x0800ff30                sduDataTransmitted
 .text.sduDataReceived
                0x08010070       0xe0 build/obj/serial_usb.o
                0x08010070                sduDataReceived
 .text.sduInterruptTransmitted
                0x08010150       0x10 build/obj/serial_usb.o
                0x08010150                sduInterruptTransmitted
 .text.spiInit  0x08010160       0x10 build/obj/spi.o
                0x08010160                spiInit
 .text.spiObjectInit
                0x08010170       0x30 build/obj/spi.o
                0x08010170                spiObjectInit
 .text.spiStart
                0x080101a0       0x80 build/obj/spi.o
                0x080101a0                spiStart
 .text.spiStop  0x08010220       0x70 build/obj/spi.o
                0x08010220                spiStop
 .text.spiSelect
                0x08010290       0x60 build/obj/spi.o
                0x08010290                spiSelect
 .text.spiUnselect
                0x080102f0       0x60 build/obj/spi.o
                0x080102f0                spiUnselect
 .text.spiIgnore
                0x08010350       0xb0 build/obj/spi.o
                0x08010350                spiIgnore
 .text.spiSend  0x08010400       0xc0 build/obj/spi.o
                0x08010400                spiSend
 .text.spiReceive
                0x080104c0       0xc0 build/obj/spi.o
                0x080104c0                spiReceive
 .text.set_address
                0x08010580       0x40 build/obj/usb.o
 .text.default_handler
                0x080105c0      0x440 build/obj/usb.o
 .text.usbInit  0x08010a00       0x10 build/obj/usb.o
                0x08010a00                usbInit
 .text.usbObjectInit
                0x08010a10       0x70 build/obj/usb.o
                0x08010a10                usbObjectInit
 .text.usbStart
                0x08010a80       0xb0 build/obj/usb.o
                0x08010a80                usbStart
 .text.usbInitEndpointI
                0x08010b30       0xd0 build/obj/usb.o
                0x08010b30                usbInitEndpointI
 .text.usbPrepareReceive
                0x08010c00       0x60 build/obj/usb.o
                0x08010c00                usbPrepareReceive
 .text.usbPrepareTransmit
                0x08010c60       0x60 build/obj/usb.o
                0x08010c60                usbPrepareTransmit
 .text.usbPrepareQueuedReceive
                0x08010cc0       0x60 build/obj/usb.o
                0x08010cc0                usbPrepareQueuedReceive
 .text.usbPrepareQueuedTransmit
                0x08010d20       0x60 build/obj/usb.o
                0x08010d20                usbPrepareQueuedTransmit
 .text.usbStartReceiveI
                0x08010d80       0x80 build/obj/usb.o
                0x08010d80                usbStartReceiveI
 .text.usbStartTransmitI
                0x08010e00       0x80 build/obj/usb.o
                0x08010e00                usbStartTransmitI
 .text._usb_reset
                0x08010e80       0x80 build/obj/usb.o
                0x08010e80                _usb_reset
 .text._usb_ep0setup
                0x08010f00      0x1f0 build/obj/usb.o
                0x08010f00                _usb_ep0setup
 .text._usb_ep0in
                0x080110f0      0x130 build/obj/usb.o
                0x080110f0                _usb_ep0in
 .text._usb_ep0out
                0x08011220       0xc0 build/obj/usb.o
                0x08011220                _usb_ep0out
 .text.acAddData
                0x080112e0      0x150 build/obj/analog_chart.o
                0x080112e0                acAddData
 .text.initAnalogChart
                0x08011430       0x40 build/obj/analog_chart.o
                0x08011430                initAnalogChart
 .text.waAnaWidthCallback
                0x08011470       0x80 build/obj/wave_analyzer.o
 .text.waIcuPeriodCallback
                0x080114f0       0xb0 build/obj/wave_analyzer.o
 .text.setWaveModeSilent
                0x080115a0       0x30 build/obj/wave_analyzer.o
 .text.initWave
                0x080115d0       0xd0 build/obj/wave_analyzer.o
 .text.onWaveShaftSignal
                0x080116a0       0x50 build/obj/wave_analyzer.o
 .text.waThread
                0x080116f0       0x40 build/obj/wave_analyzer.o
 .text.initWaveAnalyzer
                0x08011730       0xc0 build/obj/wave_analyzer.o
                0x08011730                initWaveAnalyzer
 .text.initSpiModule
                0x080117f0       0x60 build/obj/hardware.o
 .text.initSpiModules
                0x08011850       0x50 build/obj/hardware.o
                0x08011850                initSpiModules
 .text.sendI2Cbyte
                0x080118a0       0x70 build/obj/hardware.o
 .text.initHardware
                0x08011910       0x70 build/obj/hardware.o
                0x08011910                initHardware
 .text.getAvgAdcValue
                0x08011980       0x60 build/obj/adc_inputs.o
 .text.adc_callback_slow
                0x080119e0       0x90 build/obj/adc_inputs.o
 .text.adc_callback_fast
                0x08011a70       0x50 build/obj/adc_inputs.o
 .text.pwmpcb_slow
                0x08011ac0       0x50 build/obj/adc_inputs.o
 .text.pwmpcb_fast
                0x08011b10       0x50 build/obj/adc_inputs.o
 .text.getAdcValueByIndex
                0x08011b60       0x20 build/obj/adc_inputs.o
                0x08011b60                getAdcValueByIndex
 .text.getInternalAdcValue
                0x08011b80       0x30 build/obj/adc_inputs.o
                0x08011b80                getInternalAdcValue
 .text.initAdcPin
                0x08011bb0       0x40 build/obj/adc_inputs.o
 .text.getAdcChannelPort
                0x08011bf0      0x120 build/obj/adc_inputs.o
                0x08011bf0                getAdcChannelPort
 .text.getAdcChannelPin
                0x08011d10       0xe0 build/obj/adc_inputs.o
                0x08011d10                getAdcChannelPin
 .text.initAdcHwChannel
                0x08011df0       0x30 build/obj/adc_inputs.o
 .text.initSlowChannel
                0x08011e20       0x90 build/obj/adc_inputs.o
                0x08011e20                initSlowChannel
 .text.printAdcValue
                0x08011eb0       0x70 build/obj/adc_inputs.o
 .text.getAdcHardwareIndexByInternalIndex
                0x08011f20       0x20 build/obj/adc_inputs.o
                0x08011f20                getAdcHardwareIndexByInternalIndex
 .text.printFullAdcReport
                0x08011f40       0xe0 build/obj/adc_inputs.o
 .text.printStatus
                0x08012020       0x30 build/obj/adc_inputs.o
 .text.setAdcDebugReporting
                0x08012050       0x20 build/obj/adc_inputs.o
 .text.initAdcInputs
                0x08012070      0x1c0 build/obj/adc_inputs.o
                0x08012070                initAdcInputs
 .text.pokeAdcInputs
                0x08012230       0x20 build/obj/adc_inputs.o
                0x08012230                pokeAdcInputs
 .text.shaft_icu_width_callback
                0x08012250       0x60 build/obj/trigger_input.o
 .text.shaft_icu_period_callback
                0x080122b0       0x60 build/obj/trigger_input.o
 .text.initShaftPositionInputCapture
                0x08012310       0xe0 build/obj/trigger_input.o
                0x08012310                initShaftPositionInputCapture
 .text.chprintf
                0x080123f0       0x20 build/obj/pin_repository.o
 .text.portname
                0x08012410       0xc0 build/obj/pin_repository.o
                0x08012410                portname
 .text.getPortIndex
                0x080124d0       0xc0 build/obj/pin_repository.o
 .text.reportPins
                0x08012590       0x60 build/obj/pin_repository.o
 .text.hwPortname
                0x080125f0       0x80 build/obj/pin_repository.o
                0x080125f0                hwPortname
 .text.initPinRepository
                0x08012670       0x90 build/obj/pin_repository.o
                0x08012670                initPinRepository
 .text.markUsed
                0x08012700       0x40 build/obj/pin_repository.o
 .text.mySetPadMode
                0x08012740      0x110 build/obj/pin_repository.o
                0x08012740                mySetPadMode
 .text.turnOutputPinOn
                0x08012850       0x20 build/obj/io_pins.o
                0x08012850                turnOutputPinOn
 .text.turnOutputPinOff
                0x08012870       0x20 build/obj/io_pins.o
                0x08012870                turnOutputPinOff
 .text.assertOMode
                0x08012890       0x30 build/obj/io_pins.o
 .text.setOutputPinValue
                0x080128c0       0xb0 build/obj/io_pins.o
                0x080128c0                setOutputPinValue
 .text.getOutputPinValue
                0x08012970       0x40 build/obj/io_pins.o
                0x08012970                getOutputPinValue
 .text.setDefaultPinState
                0x080129b0       0x40 build/obj/io_pins.o
                0x080129b0                setDefaultPinState
 .text.comBlinkingThread
                0x080129f0       0xc0 build/obj/io_pins.o
 .text.errBlinkingThread
                0x08012ab0       0xb0 build/obj/io_pins.o
 .text.outputPinRegisterExt
                0x08012b60       0xa0 build/obj/io_pins.o
 .text.getHwPort
                0x08012c00       0x30 build/obj/io_pins.o
                0x08012c00                getHwPort
 .text.getHwPin
                0x08012c30       0x20 build/obj/io_pins.o
                0x08012c30                getHwPin
 .text.outputPinRegisterExt2
                0x08012c50       0x40 build/obj/io_pins.o
                0x08012c50                outputPinRegisterExt2
 .text.outputPinRegister
                0x08012c90       0x30 build/obj/io_pins.o
                0x08012c90                outputPinRegister
 .text.initialLedsBlink
                0x08012cc0       0x80 build/obj/io_pins.o
 .text.initPrimaryPins
                0x08012d40       0x20 build/obj/io_pins.o
                0x08012d40                initPrimaryPins
 .text.initOutputPins
                0x08012d60      0x1f0 build/obj/io_pins.o
                0x08012d60                initOutputPins
 .text.lcdSleep
                0x08012f50       0xa0 build/obj/lcd_HD44780.o
 .text.lcd_HD44780_write
                0x08012ff0      0x320 build/obj/lcd_HD44780.o
 .text.lcd_HD44780_write_command
                0x08013310       0x60 build/obj/lcd_HD44780.o
                0x08013310                lcd_HD44780_write_command
 .text.lcd_HD44780_write_data
                0x08013370       0xa0 build/obj/lcd_HD44780.o
                0x08013370                lcd_HD44780_write_data
 .text.lcd_HD44780_set_position
                0x08013410       0x80 build/obj/lcd_HD44780.o
                0x08013410                lcd_HD44780_set_position
 .text.lcd_HD44780_print_char
                0x08013490       0x50 build/obj/lcd_HD44780.o
                0x08013490                lcd_HD44780_print_char
 .text.lcd_HD44780_print_string
                0x080134e0       0x30 build/obj/lcd_HD44780.o
                0x080134e0                lcd_HD44780_print_string
 .text.lcdInfo  0x08013510      0x1a0 build/obj/lcd_HD44780.o
 .text.lcd_HD44780_init
                0x080136b0      0x430 build/obj/lcd_HD44780.o
                0x080136b0                lcd_HD44780_init
 .text.lcdShowFatalMessage
                0x08013ae0       0x40 build/obj/lcd_HD44780.o
                0x08013ae0                lcdShowFatalMessage
 .text.get_descriptor
                0x08013b20       0x60 build/obj/usbcfg.o
 .text.usb_event
                0x08013b80       0x90 build/obj/usbcfg.o
 .text.usb_serial_start
                0x08013c10       0xc0 build/obj/usbconsole.o
                0x08013c10                usb_serial_start
 .text.is_usb_serial_ready
                0x08013cd0       0x20 build/obj/usbconsole.o
                0x08013cd0                is_usb_serial_ready
 .text.is_serial_ready
                0x08013cf0       0x10 build/obj/usbconsole.o
                0x08013cf0                is_serial_ready
 .text.flashSectorSize
                0x08013d00       0x50 build/obj/flash.o
                0x08013d00                flashSectorSize
 .text.flashSectorBegin
                0x08013d50       0x40 build/obj/flash.o
                0x08013d50                flashSectorBegin
 .text.flashSectorEnd
                0x08013d90       0x30 build/obj/flash.o
                0x08013d90                flashSectorEnd
 .text.flashSectorAt
                0x08013dc0       0x40 build/obj/flash.o
                0x08013dc0                flashSectorAt
 .text.flashUnlock
                0x08013e00       0x60 build/obj/flash.o
 .text.flashSectorErase
                0x08013e60      0x1c0 build/obj/flash.o
                0x08013e60                flashSectorErase
 .text.flashErase
                0x08014020       0x70 build/obj/flash.o
                0x08014020                flashErase
 .text.flashIsErased
                0x08014090       0x60 build/obj/flash.o
                0x08014090                flashIsErased
 .text.flashRead
                0x080140f0       0x20 build/obj/flash.o
                0x080140f0                flashRead
 .text.flashWriteData
                0x08014110       0x60 build/obj/flash.o
 .text.flashWrite
                0x08014170      0x130 build/obj/flash.o
                0x08014170                flashWrite
 .text.date_help
                0x080142a0       0x60 build/obj/rtc_helper.o
 .text.date_set_tm
                0x08014300       0x20 build/obj/rtc_helper.o
                0x08014300                date_set_tm
 .text.date_get_tm
                0x08014320       0x20 build/obj/rtc_helper.o
                0x08014320                date_get_tm
 .text.dateToString
                0x08014340      0x200 build/obj/rtc_helper.o
                0x08014340                dateToString
 .text.date_get
                0x08014540       0xd0 build/obj/rtc_helper.o
 .text.date_set
                0x08014610       0x60 build/obj/rtc_helper.o
 .text.initRtc  0x08014670       0x70 build/obj/rtc_helper.o
                0x08014670                initRtc
 .text.printError
                0x080146e0       0x30 build/obj/mmc_card.o
 .text.printMmcPinout
                0x08014710       0x30 build/obj/mmc_card.o
 .text.sdStatistics
                0x08014740       0x40 build/obj/mmc_card.o
 .text.createLogFile
                0x08014780       0xc0 build/obj/mmc_card.o
 .text.ff_cmd_dir
                0x08014840      0x1c0 build/obj/mmc_card.o
 .text.appendToLog
                0x08014a00       0xb0 build/obj/mmc_card.o
                0x08014a00                appendToLog
 .text.MMCumount
                0x08014ab0       0x90 build/obj/mmc_card.o
 .text.MMCmount
                0x08014b40       0xa0 build/obj/mmc_card.o
 .text.MMCmonThread
                0x08014be0       0x60 build/obj/mmc_card.o
 .text.initMmcCard
                0x08014c40       0xd0 build/obj/mmc_card.o
                0x08014c40                initMmcCard
 .text.getCurrentSpeed
                0x08014d10       0x10 build/obj/neo6m.o
                0x08014d10                getCurrentSpeed
 .text.printGpsInfo
                0x08014d20      0x140 build/obj/neo6m.o
 .text.onGpsMessage
                0x08014e60       0x80 build/obj/neo6m.o
 .text.GpsThreadEntryPoint
                0x08014ee0       0xb0 build/obj/neo6m.o
 .text.initGps  0x08014f90       0xa0 build/obj/neo6m.o
                0x08014f90                initGps
 .text.initOutputPinExt
                0x08015030       0x30 build/obj/gpio_helper.o
                0x08015030                initOutputPinExt
 .text.getLogicPinValue
                0x08015060       0x10 build/obj/gpio_helper.o
                0x08015060                getLogicPinValue
 .text.setPinValue
                0x08015070       0x60 build/obj/gpio_helper.o
                0x08015070                setPinValue
 .text.initBoardTest
                0x080150d0       0x10 build/obj/board_test.o
                0x080150d0                initBoardTest
 .text.findWaveReaderHw
                0x080150e0       0x70 build/obj/wave_analyzer_hw.o
 .text.icuWidthCallback
                0x08015150       0x20 build/obj/wave_analyzer_hw.o
 .text.icuPeriordCallBack
                0x08015170       0x20 build/obj/wave_analyzer_hw.o
 .text.getAlternateFunctions
                0x08015190       0x80 build/obj/wave_analyzer_hw.o
 .text.initWaveAnalyzerDriver
                0x08015210       0x70 build/obj/wave_analyzer_hw.o
                0x08015210                initWaveAnalyzerDriver
 .text.setWaveReaderMode
                0x08015280       0x70 build/obj/wave_analyzer_hw.o
                0x08015280                setWaveReaderMode
 .text.applyPinState
                0x080152f0       0x90 build/obj/pwm_generator.o
                0x080152f0                applyPinState
 .text.initPwmGenerator
                0x08015380       0x20 build/obj/pwm_generator.o
                0x08015380                initPwmGenerator
 .text.isInjectionEnabled
                0x080153a0       0x20 build/obj/injector_central.o
                0x080153a0                isInjectionEnabled
 .text.assertCylinderId
                0x080153c0       0x50 build/obj/injector_central.o
                0x080153c0                assertCylinderId
 .text.isInjectorEnabled
                0x08015410       0x30 build/obj/injector_central.o
                0x08015410                isInjectorEnabled
 .text.printStatus
                0x08015440       0xa0 build/obj/injector_central.o
 .text.setInjectorEnabled
                0x080154e0       0x60 build/obj/injector_central.o
 .text.runBench
                0x08015540      0x100 build/obj/injector_central.o
                0x08015540                runBench
 .text.fuelbench
                0x08015640       0x80 build/obj/injector_central.o
 .text.sparkbench
                0x080156c0       0x80 build/obj/injector_central.o
 .text.benchThread
                0x08015740       0x80 build/obj/injector_central.o
 .text.initInjectorCentral
                0x080157c0      0x1b0 build/obj/injector_central.o
                0x080157c0                initInjectorCentral
 .text.initIgnitionCentral
                0x08015970       0xc0 build/obj/ignition_central.o
                0x08015970                initIgnitionCentral
 .text.flashStateCrc
                0x08015a30       0x20 build/obj/flash_main.o
                0x08015a30                flashStateCrc
 .text.writeToFlash
                0x08015a50      0x110 build/obj/flash_main.o
                0x08015a50                writeToFlash
 .text.isValidCrc
                0x08015b60       0x80 build/obj/flash_main.o
 .text.doResetConfiguration
                0x08015be0       0x40 build/obj/flash_main.o
 .text.readFromFlash
                0x08015c20       0xe0 build/obj/flash_main.o
 .text.initFlash
                0x08015d00       0x70 build/obj/flash_main.o
                0x08015d00                initFlash
 .text.blink_digits
                0x08015d70       0x70 build/obj/malfunction_indicator.o
 .text.DigitLength
                0x08015de0       0x40 build/obj/malfunction_indicator.o
 .text.DisplayErrorCode
                0x08015e20       0x90 build/obj/malfunction_indicator.o
 .text.mfiThread
                0x08015eb0       0x70 build/obj/malfunction_indicator.o
 .text.initMalfunctionIndicator
                0x08015f20       0x40 build/obj/malfunction_indicator.o
                0x08015f20                initMalfunctionIndicator
 .text.warning  0x08015f60       0xb0 build/obj/error_handling.o
                0x08015f60                warning
 .text.initErrorHandling
                0x08016010       0x20 build/obj/error_handling.o
                0x08016010                initErrorHandling
 .text.getAtmosphericPressure
                0x08016030       0x10 build/obj/map_averaging.o
                0x08016030                getAtmosphericPressure
 .text.startAveraging
                0x08016040       0x40 build/obj/map_averaging.o
 .text.mapAveragingCallback
                0x08016080      0x120 build/obj/map_averaging.o
                0x08016080                mapAveragingCallback
 .text.endAveraging
                0x080161a0       0x50 build/obj/map_averaging.o
 .text.shaftPositionCallback
                0x080161f0      0x110 build/obj/map_averaging.o
 .text.showMapStats
                0x08016300       0x30 build/obj/map_averaging.o
 .text.getMap   0x08016330       0x20 build/obj/map_averaging.o
                0x08016330                getMap
 .text.initMapAveraging
                0x08016350       0x40 build/obj/map_averaging.o
                0x08016350                initMapAveraging
 .text.prepareFuelMap
                0x08016390       0x50 build/obj/fuel_math.o
                0x08016390                prepareFuelMap
 .text.getCltCorrection
                0x080163e0       0x50 build/obj/fuel_math.o
                0x080163e0                getCltCorrection
 .text.getIatCorrection
                0x08016430       0x50 build/obj/fuel_math.o
                0x08016430                getIatCorrection
 .text.getInjectorLag
                0x08016480       0x90 build/obj/fuel_math.o
                0x08016480                getInjectorLag
 .text.getBaseFuel
                0x08016510       0x80 build/obj/fuel_math.o
                0x08016510                getBaseFuel
 .text.getCrankingFuel
                0x08016590       0x20 build/obj/fuel_math.o
                0x08016590                getCrankingFuel
 .text.getFuelMs
                0x080165b0       0x40 build/obj/fuel_math.o
                0x080165b0                getFuelMs
 .text.getRunningFuel
                0x080165f0       0x80 build/obj/fuel_math.o
                0x080165f0                getRunningFuel
 .text.getStartingFuel
                0x08016670       0xc0 build/obj/fuel_math.o
                0x08016670                getStartingFuel
 .text.getElectricalValue0
                0x08016730       0x20 build/obj/fuel_math.o
 .text.getElectricalValue1
                0x08016750       0x20 build/obj/fuel_math.o
 .text.getElectricalValue
                0x08016770       0x50 build/obj/fuel_math.o
                0x08016770                getElectricalValue
 .text.getBaseAdvance
                0x080167c0       0x70 build/obj/advance_map.o
                0x080167c0                getBaseAdvance
 .text.getAdvance
                0x08016830       0x70 build/obj/advance_map.o
                0x08016830                getAdvance
 .text.prepareTimingMap
                0x080168a0       0x60 build/obj/advance_map.o
                0x080168a0                prepareTimingMap
 .text.getGlobalConfigurationVersion
                0x08016900       0x10 build/obj/engine_configuration.o
                0x08016900                getGlobalConfigurationVersion
 .text.incrementGlobalConfigurationVersion
                0x08016910       0x20 build/obj/engine_configuration.o
                0x08016910                incrementGlobalConfigurationVersion
 .text.setConstantDwell
                0x08016930       0x60 build/obj/engine_configuration.o
                0x08016930                setConstantDwell
 .text.initBpsxD1Sensor
                0x08016990       0x40 build/obj/engine_configuration.o
                0x08016990                initBpsxD1Sensor
 .text.setWholeFuelMap
                0x080169d0       0x50 build/obj/engine_configuration.o
                0x080169d0                setWholeFuelMap
 .text.setDefaultConfiguration
                0x08016a20      0x5d0 build/obj/engine_configuration.o
                0x08016a20                setDefaultConfiguration
 .text.setDefaultNonPersistentConfiguration
                0x08016ff0       0x20 build/obj/engine_configuration.o
                0x08016ff0                setDefaultNonPersistentConfiguration
 .text.resetConfigurationExt
                0x08017010      0x100 build/obj/engine_configuration.o
                0x08017010                resetConfigurationExt
 .text.applyNonPersistentConfiguration
                0x08017110       0x80 build/obj/engine_configuration.o
                0x08017110                applyNonPersistentConfiguration
 .text.initSignalExecutor
                0x08017190       0x20 build/obj/signal_executor.o
                0x08017190                initSignalExecutor
 .text.initOutputSignalBase
                0x080171b0       0x30 build/obj/signal_executor.o
                0x080171b0                initOutputSignalBase
 .text.turnHigh
                0x080171e0       0x40 build/obj/signal_executor.o
 .text.turnLow  0x08017220       0x40 build/obj/signal_executor.o
 .text.scheduleOutput
                0x08017260       0xf0 build/obj/signal_executor.o
                0x08017260                scheduleOutput
 .text.scheduleOutputBase
                0x08017350       0x30 build/obj/signal_executor.o
                0x08017350                scheduleOutputBase
 .text.getPinName
                0x08017380       0xd0 build/obj/signal_executor.o
                0x08017380                getPinName
 .text.interpolate
                0x08017450       0xb0 build/obj/interpolation.o
                0x08017450                interpolate
 .text.findIndex
                0x08017500       0xf0 build/obj/interpolation.o
                0x08017500                findIndex
 .text.interpolate2d
                0x080175f0       0x90 build/obj/interpolation.o
                0x080175f0                interpolate2d
 .text.interpolate3d
                0x08017680      0x240 build/obj/interpolation.o
                0x08017680                interpolate3d
 .text.find_position
                0x080178c0       0x50 build/obj/malfunction_central.o
 .text.initMalfunctionCentral
                0x08017910       0x10 build/obj/malfunction_central.o
                0x08017910                initMalfunctionCentral
 .text.addError
                0x08017920       0x60 build/obj/malfunction_central.o
                0x08017920                addError
 .text.removeError
                0x08017980       0xa0 build/obj/malfunction_central.o
                0x08017980                removeError
 .text.setError
                0x08017a20       0x20 build/obj/malfunction_central.o
                0x08017a20                setError
 .text.getErrorCodes
                0x08017a40       0x50 build/obj/malfunction_central.o
                0x08017a40                getErrorCodes
 .text.hasErrorCodes
                0x08017a90       0x20 build/obj/malfunction_central.o
                0x08017a90                hasErrorCodes
 .text.resetEventList
                0x08017ab0       0x10 build/obj/event_registry.o
                0x08017ab0                resetEventList
 .text.copyActuatorEvent
                0x08017ac0       0x30 build/obj/event_registry.o
 .text.registerActuatorEvent
                0x08017af0       0x70 build/obj/event_registry.o
                0x08017af0                registerActuatorEvent
 .text.findEvents
                0x08017b60       0x80 build/obj/event_registry.o
                0x08017b60                findEvents
 .text.maxF     0x08017be0       0x30 build/obj/idle_controller.o
                0x08017be0                maxF
 .text.resetWaveChart
                0x08017c10       0x40 build/obj/wave_chart.o
                0x08017c10                resetWaveChart
 .text.printStatus
                0x08017c50       0x50 build/obj/wave_chart.o
 .text.setChartActive
                0x08017ca0       0x20 build/obj/wave_chart.o
 .text.setChartSize
                0x08017cc0       0x30 build/obj/wave_chart.o
                0x08017cc0                setChartSize
 .text.publishChartIfFull
                0x08017cf0       0x30 build/obj/wave_chart.o
                0x08017cf0                publishChartIfFull
 .text.isWaveChartFull
                0x08017d20       0x30 build/obj/wave_chart.o
                0x08017d20                isWaveChartFull
 .text.publishChart
                0x08017d50       0x40 build/obj/wave_chart.o
                0x08017d50                publishChart
 .text.addWaveChartEvent3
                0x08017d90       0xb0 build/obj/wave_chart.o
                0x08017d90                addWaveChartEvent3
 .text.initWaveChart
                0x08017e40       0xa0 build/obj/wave_chart.o
                0x08017e40                initWaveChart
 .text.hex2int  0x08017ee0       0x90 build/obj/nmea.o
                0x08017ee0                hex2int
 .text.str2int  0x08017f70       0x50 build/obj/nmea.o
                0x08017f70                str2int
 .text.gps_deg_dec
                0x08017fc0      0x190 build/obj/nmea.o
                0x08017fc0                gps_deg_dec
 .text.gps_convert_deg_to_dec
                0x08018150       0x70 build/obj/nmea.o
                0x08018150                gps_convert_deg_to_dec
 .text.str_till_comma
                0x080181c0       0x70 build/obj/nmea.o
                0x080181c0                str_till_comma
 .text.nmea_parse_gpgga
                0x08018230      0x1c0 build/obj/nmea.o
                0x08018230                nmea_parse_gpgga
 .text.nmea_parse_gprmc
                0x080183f0      0x2a0 build/obj/nmea.o
                0x080183f0                nmea_parse_gprmc
 .text.nmea_get_message_type
                0x08018690       0x60 build/obj/nmea.o
                0x08018690                nmea_get_message_type
 .text.nmea_valid_checksum
                0x080186f0       0x90 build/obj/nmea.o
                0x080186f0                nmea_valid_checksum
 .text.gps_location
                0x08018780       0x60 build/obj/nmea.o
                0x08018780                gps_location
 .text.initAlgo